Archive member included to satisfy reference by file (symbol)

c:/st/stm32cubeide_1.0.0/stm32cubeide/plugins/com.st.stm32cube.ide.mcu.externaltools.gnu-tools-for-stm32.10.3-2021.10.win32_1.0.0.202111181127/tools/bin/../lib/gcc/arm-none-eabi/10.3.1/../../../../arm-none-eabi/lib/thumb/v7e-m+dp/hard\libc_nano.a(lib_a-atoi.o)
                              ./Core/Blackbox/blackbox_sd.o (atoi)
c:/st/stm32cubeide_1.0.0/stm32cubeide/plugins/com.st.stm32cube.ide.mcu.externaltools.gnu-tools-for-stm32.10.3-2021.10.win32_1.0.0.202111181127/tools/bin/../lib/gcc/arm-none-eabi/10.3.1/../../../../arm-none-eabi/lib/thumb/v7e-m+dp/hard\libc_nano.a(lib_a-ctype_.o)
                              ./Core/Blackbox/asyncfatfs/fat_standard.o (_ctype_)
c:/st/stm32cubeide_1.0.0/stm32cubeide/plugins/com.st.stm32cube.ide.mcu.externaltools.gnu-tools-for-stm32.10.3-2021.10.win32_1.0.0.202111181127/tools/bin/../lib/gcc/arm-none-eabi/10.3.1/../../../../arm-none-eabi/lib/thumb/v7e-m+dp/hard\libc_nano.a(lib_a-exit.o)
                              c:/st/stm32cubeide_1.0.0/stm32cubeide/plugins/com.st.stm32cube.ide.mcu.externaltools.gnu-tools-for-stm32.10.3-2021.10.win32_1.0.0.202111181127/tools/bin/../lib/gcc/arm-none-eabi/10.3.1/../../../../arm-none-eabi/lib/thumb/v7e-m+dp/hard/crt0.o (exit)
c:/st/stm32cubeide_1.0.0/stm32cubeide/plugins/com.st.stm32cube.ide.mcu.externaltools.gnu-tools-for-stm32.10.3-2021.10.win32_1.0.0.202111181127/tools/bin/../lib/gcc/arm-none-eabi/10.3.1/../../../../arm-none-eabi/lib/thumb/v7e-m+dp/hard\libc_nano.a(lib_a-impure.o)
                              c:/st/stm32cubeide_1.0.0/stm32cubeide/plugins/com.st.stm32cube.ide.mcu.externaltools.gnu-tools-for-stm32.10.3-2021.10.win32_1.0.0.202111181127/tools/bin/../lib/gcc/arm-none-eabi/10.3.1/../../../../arm-none-eabi/lib/thumb/v7e-m+dp/hard\libc_nano.a(lib_a-exit.o) (_global_impure_ptr)
c:/st/stm32cubeide_1.0.0/stm32cubeide/plugins/com.st.stm32cube.ide.mcu.externaltools.gnu-tools-for-stm32.10.3-2021.10.win32_1.0.0.202111181127/tools/bin/../lib/gcc/arm-none-eabi/10.3.1/../../../../arm-none-eabi/lib/thumb/v7e-m+dp/hard\libc_nano.a(lib_a-init.o)
                              c:/st/stm32cubeide_1.0.0/stm32cubeide/plugins/com.st.stm32cube.ide.mcu.externaltools.gnu-tools-for-stm32.10.3-2021.10.win32_1.0.0.202111181127/tools/bin/../lib/gcc/arm-none-eabi/10.3.1/../../../../arm-none-eabi/lib/thumb/v7e-m+dp/hard/crt0.o (__libc_init_array)
c:/st/stm32cubeide_1.0.0/stm32cubeide/plugins/com.st.stm32cube.ide.mcu.externaltools.gnu-tools-for-stm32.10.3-2021.10.win32_1.0.0.202111181127/tools/bin/../lib/gcc/arm-none-eabi/10.3.1/../../../../arm-none-eabi/lib/thumb/v7e-m+dp/hard\libc_nano.a(lib_a-malloc.o)
                              ./Middlewares/STM32_USB_Device_Library/Class/CDC/Src/usbd_cdc.o (malloc)
c:/st/stm32cubeide_1.0.0/stm32cubeide/plugins/com.st.stm32cube.ide.mcu.externaltools.gnu-tools-for-stm32.10.3-2021.10.win32_1.0.0.202111181127/tools/bin/../lib/gcc/arm-none-eabi/10.3.1/../../../../arm-none-eabi/lib/thumb/v7e-m+dp/hard\libc_nano.a(lib_a-memcmp.o)
                              ./Core/Sensores/GPS/gps_ublox.o (memcmp)
c:/st/stm32cubeide_1.0.0/stm32cubeide/plugins/com.st.stm32cube.ide.mcu.externaltools.gnu-tools-for-stm32.10.3-2021.10.win32_1.0.0.202111181127/tools/bin/../lib/gcc/arm-none-eabi/10.3.1/../../../../arm-none-eabi/lib/thumb/v7e-m+dp/hard\libc_nano.a(lib_a-memcpy-stub.o)
                              ./Core/Blackbox/asyncfatfs/asyncfatfs.o (memcpy)
c:/st/stm32cubeide_1.0.0/stm32cubeide/plugins/com.st.stm32cube.ide.mcu.externaltools.gnu-tools-for-stm32.10.3-2021.10.win32_1.0.0.202111181127/tools/bin/../lib/gcc/arm-none-eabi/10.3.1/../../../../arm-none-eabi/lib/thumb/v7e-m+dp/hard\libc_nano.a(lib_a-memmove.o)
                              ./Core/Scheduler/scheduler.o (memmove)
c:/st/stm32cubeide_1.0.0/stm32cubeide/plugins/com.st.stm32cube.ide.mcu.externaltools.gnu-tools-for-stm32.10.3-2021.10.win32_1.0.0.202111181127/tools/bin/../lib/gcc/arm-none-eabi/10.3.1/../../../../arm-none-eabi/lib/thumb/v7e-m+dp/hard\libc_nano.a(lib_a-memset.o)
                              c:/st/stm32cubeide_1.0.0/stm32cubeide/plugins/com.st.stm32cube.ide.mcu.externaltools.gnu-tools-for-stm32.10.3-2021.10.win32_1.0.0.202111181127/tools/bin/../lib/gcc/arm-none-eabi/10.3.1/../../../../arm-none-eabi/lib/thumb/v7e-m+dp/hard/crt0.o (memset)
c:/st/stm32cubeide_1.0.0/stm32cubeide/plugins/com.st.stm32cube.ide.mcu.externaltools.gnu-tools-for-stm32.10.3-2021.10.win32_1.0.0.202111181127/tools/bin/../lib/gcc/arm-none-eabi/10.3.1/../../../../arm-none-eabi/lib/thumb/v7e-m+dp/hard\libc_nano.a(lib_a-nano-freer.o)
                              c:/st/stm32cubeide_1.0.0/stm32cubeide/plugins/com.st.stm32cube.ide.mcu.externaltools.gnu-tools-for-stm32.10.3-2021.10.win32_1.0.0.202111181127/tools/bin/../lib/gcc/arm-none-eabi/10.3.1/../../../../arm-none-eabi/lib/thumb/v7e-m+dp/hard\libc_nano.a(lib_a-malloc.o) (_free_r)
[...]
Memory Configuration

Name             Origin             Length             Attributes
ITCM_RAM         0x0000000000000000 0x0000000000004000 xr
ITCM_FLASH_STARTUP 0x0000000000200000 0x0000000000008000 xr
ITCM_FLASH_CONFIG 0x0000000000208000 0x0000000000008000 r
ITCM_FLASH_PROGRAM 0x0000000000210000 0x00000000000f0000 xr
AXIM_FLASH_STARTUP 0x0000000008000000 0x0000000000008000 xr
AXIM_FLASH_CONFIG 0x0000000008008000 0x0000000000008000 r
AXIM_FLASH_PROGRAM 0x0000000008010000 0x00000000000f0000 xr
DTCM_RAM         0x0000000020000000 0x0000000000020000 xrw
SRAM1            0x0000000020020000 0x000000000005c000 xrw
SRAM2            0x000000002007c000 0x0000000000004000 xrw
*default*        0x0000000000000000 0xffffffffffffffff

Linker script and memory map

LOAD c:/st/stm32cubeide_1.0.0/stm32cubeide/plugins/com.st.stm32cube.ide.mcu.externaltools.gnu-tools-for-stm32.10.3-2021.10.win32_1.0.0.202111181127/tools/bin/../lib/gcc/arm-none-eabi/10.3.1/thumb/v7e-m+dp/hard/crti.o
LOAD c:/st/stm32cubeide_1.0.0/stm32cubeide/plugins/com.st.stm32cube.ide.mcu.externaltools.gnu-tools-for-stm32.10.3-2021.10.win32_1.0.0.202111181127/tools/bin/../lib/gcc/arm-none-eabi/10.3.1/thumb/v7e-m+dp/hard/crtbegin.o
LOAD c:/st/stm32cubeide_1.0.0/stm32cubeide/plugins/com.st.stm32cube.ide.mcu.externaltools.gnu-tools-for-stm32.10.3-2021.10.win32_1.0.0.202111181127/tools/bin/../lib/gcc/arm-none-eabi/10.3.1/../../../../arm-none-eabi/lib/thumb/v7e-m+dp/hard/crt0.o
LOAD ./Core/AHRS/ahrs.o
LOAD ./Core/AHRS/madgwick.o
LOAD ./Core/AHRS/mahony.o
LOAD ./Core/Blackbox/asyncfatfs/asyncfatfs.o
LOAD ./Core/Blackbox/asyncfatfs/fat_standard.o
LOAD ./Core/Blackbox/blackbox.o
LOAD ./Core/Blackbox/blackbox_sd.o
LOAD ./Core/Blackbox/sd.o
LOAD ./Core/Blackbox/sd_estandar.o
LOAD ./Core/Blackbox/sd_sdio.o
LOAD ./Core/Blackbox/sd_spi.o
LOAD ./Core/Comun/crc.o
LOAD ./Core/Comun/localizacion.o
LOAD ./Core/Comun/matematicas.o
LOAD ./Core/Comun/matriz.o
LOAD ./Core/Core/fallo_sistema.o
LOAD ./Core/Core/inicializacion.o
LOAD ./Core/Core/led_estado.o
LOAD ./Core/Core/main.o
LOAD ./Core/Core/stack.o
LOAD ./Core/Drivers/adc.o
LOAD ./Core/Drivers/adc_hal.o
LOAD ./Core/Drivers/adc_hardware.o
LOAD ./Core/Drivers/bus.o
LOAD ./Core/Drivers/dma.o
LOAD ./Core/Drivers/flash.o
LOAD ./Core/Drivers/i2c.o
LOAD ./Core/Drivers/i2c_bus.o
LOAD ./Core/Drivers/i2c_hal.o
LOAD ./Core/Drivers/i2c_hardware.o
LOAD ./Core/Drivers/io.o
LOAD ./Core/Drivers/nvic.o
LOAD ./Core/Drivers/reset.o
LOAD ./Core/Drivers/rtc.o
LOAD ./Core/Drivers/rtc_hal.o
LOAD ./Core/Drivers/sdmmc.o
LOAD ./Core/Drivers/sdmmc_hal.o
LOAD ./Core/Drivers/sdmmc_hardware.o
LOAD ./Core/Drivers/spi.o
LOAD ./Core/Drivers/spi_bus.o
LOAD ./Core/Drivers/spi_hal.o
LOAD ./Core/Drivers/spi_hardware.o
LOAD ./Core/Drivers/tiempo.o
LOAD ./Core/Drivers/timer.o
LOAD ./Core/Drivers/timer_hal.o
LOAD ./Core/Drivers/timer_hardware.o
LOAD ./Core/Drivers/uart.o
LOAD ./Core/Drivers/uart_hal.o
LOAD ./Core/Drivers/uart_hardware.o
LOAD ./Core/Drivers/usb.o
LOAD ./Core/Drivers/usb_descriptor.o
LOAD ./Core/Drivers/usb_hal.o
LOAD ./Core/Drivers/usb_hardware.o
LOAD ./Core/FC/control.o
LOAD ./Core/FC/fc.o
LOAD ./Core/FC/mixer.o
LOAD ./Core/FC/rc.o
LOAD ./Core/Filtros/filtro_derivada.o
LOAD ./Core/Filtros/filtro_media_movil.o
LOAD ./Core/Filtros/filtro_notch.o
LOAD ./Core/Filtros/filtro_pasa_bajo.o
LOAD ./Core/GP/config_flash.o
LOAD ./Core/GP/gp.o
LOAD ./Core/GP/gp_adc.o
LOAD ./Core/GP/gp_ahrs.o
LOAD ./Core/GP/gp_barometro.o
LOAD ./Core/GP/gp_blackbox.o
LOAD ./Core/GP/gp_calibrador.o
LOAD ./Core/GP/gp_control.o
LOAD ./Core/GP/gp_fc.o
LOAD ./Core/GP/gp_gps.o
LOAD ./Core/GP/gp_i2c.o
LOAD ./Core/GP/gp_imu.o
LOAD ./Core/GP/gp_magnetometro.o
LOAD ./Core/GP/gp_mixer.o
LOAD ./Core/GP/gp_motor.o
LOAD ./Core/GP/gp_power_module.o
LOAD ./Core/GP/gp_radio.o
LOAD ./Core/GP/gp_rc.o
LOAD ./Core/GP/gp_rtc.o
LOAD ./Core/GP/gp_sd.o
LOAD ./Core/GP/gp_sdmmc.o
LOAD ./Core/GP/gp_sistema.o
LOAD ./Core/GP/gp_spi.o
LOAD ./Core/GP/gp_uart.o
LOAD ./Core/GP/gp_usb.o
LOAD ./Core/Motores/dshot.o
LOAD ./Core/Motores/dshot_hal.o
LOAD ./Core/Motores/motor.o
LOAD ./Core/PID/pid.o
LOAD ./Core/Radio/ibus.o
LOAD ./Core/Radio/ppm.o
LOAD ./Core/Radio/radio.o
LOAD ./Core/Radio/sbus.o
LOAD ./Core/Scheduler/scheduler.o
LOAD ./Core/Scheduler/tareas.o
LOAD ./Core/Sensores/Barometro/baro_bosch.o
LOAD ./Core/Sensores/Barometro/baro_teConectivity.o
LOAD ./Core/Sensores/Barometro/barometro.o
LOAD ./Core/Sensores/Calibrador/calibrador.o
LOAD ./Core/Sensores/Calibrador/calibrador_imu.o
LOAD ./Core/Sensores/Calibrador/calibrador_mag.o
LOAD ./Core/Sensores/GPS/gps.o
LOAD ./Core/Sensores/GPS/gps_ublox.o
LOAD ./Core/Sensores/IMU/imu.o
LOAD ./Core/Sensores/IMU/imu_invensense.o
LOAD ./Core/Sensores/Magnetometro/mag_honeywell.o
LOAD ./Core/Sensores/Magnetometro/mag_isentek.o
LOAD ./Core/Sensores/Magnetometro/magnetometro.o
LOAD ./Core/Sensores/PM/power_module.o
LOAD ./Core/Sensores/sensor.o
LOAD ./Core/Sistema/system_stm32f7xx.o
LOAD ./Core/Startup/startup_stm32f767vgtx.o
LOAD ./Core/Version/version.o
LOAD ./Drivers/STM32F7xx_HAL_Driver/Src/stm32f7xx_hal.o
LOAD ./Drivers/STM32F7xx_HAL_Driver/Src/stm32f7xx_hal_adc.o
LOAD ./Drivers/STM32F7xx_HAL_Driver/Src/stm32f7xx_hal_adc_ex.o
LOAD ./Drivers/STM32F7xx_HAL_Driver/Src/stm32f7xx_hal_can.o
LOAD ./Drivers/STM32F7xx_HAL_Driver/Src/stm32f7xx_hal_cortex.o
LOAD ./Drivers/STM32F7xx_HAL_Driver/Src/stm32f7xx_hal_dma.o
LOAD ./Drivers/STM32F7xx_HAL_Driver/Src/stm32f7xx_hal_dma_ex.o
LOAD ./Drivers/STM32F7xx_HAL_Driver/Src/stm32f7xx_hal_exti.o
LOAD ./Drivers/STM32F7xx_HAL_Driver/Src/stm32f7xx_hal_flash.o
LOAD ./Drivers/STM32F7xx_HAL_Driver/Src/stm32f7xx_hal_flash_ex.o
LOAD ./Drivers/STM32F7xx_HAL_Driver/Src/stm32f7xx_hal_gpio.o
LOAD ./Drivers/STM32F7xx_HAL_Driver/Src/stm32f7xx_hal_i2c.o
LOAD ./Drivers/STM32F7xx_HAL_Driver/Src/stm32f7xx_hal_i2c_ex.o
LOAD ./Drivers/STM32F7xx_HAL_Driver/Src/stm32f7xx_hal_pcd.o
LOAD ./Drivers/STM32F7xx_HAL_Driver/Src/stm32f7xx_hal_pcd_ex.o
LOAD ./Drivers/STM32F7xx_HAL_Driver/Src/stm32f7xx_hal_pwr.o
LOAD ./Drivers/STM32F7xx_HAL_Driver/Src/stm32f7xx_hal_pwr_ex.o
LOAD ./Drivers/STM32F7xx_HAL_Driver/Src/stm32f7xx_hal_rcc.o
LOAD ./Drivers/STM32F7xx_HAL_Driver/Src/stm32f7xx_hal_rcc_ex.o
LOAD ./Drivers/STM32F7xx_HAL_Driver/Src/stm32f7xx_hal_rtc.o
LOAD ./Drivers/STM32F7xx_HAL_Driver/Src/stm32f7xx_hal_rtc_ex.o
LOAD ./Drivers/STM32F7xx_HAL_Driver/Src/stm32f7xx_hal_sd.o
LOAD ./Drivers/STM32F7xx_HAL_Driver/Src/stm32f7xx_hal_spi.o
LOAD ./Drivers/STM32F7xx_HAL_Driver/Src/stm32f7xx_hal_spi_ex.o
LOAD ./Drivers/STM32F7xx_HAL_Driver/Src/stm32f7xx_hal_tim.o
LOAD ./Drivers/STM32F7xx_HAL_Driver/Src/stm32f7xx_hal_tim_ex.o
LOAD ./Drivers/STM32F7xx_HAL_Driver/Src/stm32f7xx_hal_uart.o
LOAD ./Drivers/STM32F7xx_HAL_Driver/Src/stm32f7xx_hal_uart_ex.o
LOAD ./Drivers/STM32F7xx_HAL_Driver/Src/stm32f7xx_ll_sdmmc.o
LOAD ./Drivers/STM32F7xx_HAL_Driver/Src/stm32f7xx_ll_usb.o
LOAD ./Middlewares/STM32_USB_Device_Library/Class/CDC/Src/usbd_cdc.o
LOAD ./Middlewares/STM32_USB_Device_Library/Core/Src/usbd_core.o
LOAD ./Middlewares/STM32_USB_Device_Library/Core/Src/usbd_ctlreq.o
LOAD ./Middlewares/STM32_USB_Device_Library/Core/Src/usbd_ioreq.o
START GROUP
LOAD c:/st/stm32cubeide_1.0.0/stm32cubeide/plugins/com.st.stm32cube.ide.mcu.externaltools.gnu-tools-for-stm32.10.3-2021.10.win32_1.0.0.202111181127/tools/bin/../lib/gcc/arm-none-eabi/10.3.1/../../../../arm-none-eabi/lib/thumb/v7e-m+dp/hard\libc_nano.a
LOAD c:/st/stm32cubeide_1.0.0/stm32cubeide/plugins/com.st.stm32cube.ide.mcu.externaltools.gnu-tools-for-stm32.10.3-2021.10.win32_1.0.0.202111181127/tools/bin/../lib/gcc/arm-none-eabi/10.3.1/../../../../arm-none-eabi/lib/thumb/v7e-m+dp/hard\libm.a
END GROUP
START GROUP
LOAD c:/st/stm32cubeide_1.0.0/stm32cubeide/plugins/com.st.stm32cube.ide.mcu.externaltools.gnu-tools-for-stm32.10.3-2021.10.win32_1.0.0.202111181127/tools/bin/../lib/gcc/arm-none-eabi/10.3.1/thumb/v7e-m+dp/hard\libgcc.a
LOAD c:/st/stm32cubeide_1.0.0/stm32cubeide/plugins/com.st.stm32cube.ide.mcu.externaltools.gnu-tools-for-stm32.10.3-2021.10.win32_1.0.0.202111181127/tools/bin/../lib/gcc/arm-none-eabi/10.3.1/../../../../arm-none-eabi/lib/thumb/v7e-m+dp/hard\libc_nano.a
END GROUP
START GROUP
LOAD c:/st/stm32cubeide_1.0.0/stm32cubeide/plugins/com.st.stm32cube.ide.mcu.externaltools.gnu-tools-for-stm32.10.3-2021.10.win32_1.0.0.202111181127/tools/bin/../lib/gcc/arm-none-eabi/10.3.1/thumb/v7e-m+dp/hard\libgcc.a
LOAD c:/st/stm32cubeide_1.0.0/stm32cubeide/plugins/com.st.stm32cube.ide.mcu.externaltools.gnu-tools-for-stm32.10.3-2021.10.win32_1.0.0.202111181127/tools/bin/../lib/gcc/arm-none-eabi/10.3.1/../../../../arm-none-eabi/lib/thumb/v7e-m+dp/hard\libc_nano.a
LOAD c:/st/stm32cubeide_1.0.0/stm32cubeide/plugins/com.st.stm32cube.ide.mcu.externaltools.gnu-tools-for-stm32.10.3-2021.10.win32_1.0.0.202111181127/tools/bin/../lib/gcc/arm-none-eabi/10.3.1/../../../../arm-none-eabi/lib/thumb/v7e-m+dp/hard\libnosys.a
END GROUP
START GROUP
LOAD c:/st/stm32cubeide_1.0.0/stm32cubeide/plugins/com.st.stm32cube.ide.mcu.externaltools.gnu-tools-for-stm32.10.3-2021.10.win32_1.0.0.202111181127/tools/bin/../lib/gcc/arm-none-eabi/10.3.1/thumb/v7e-m+dp/hard\libgcc.a
LOAD c:/st/stm32cubeide_1.0.0/stm32cubeide/plugins/com.st.stm32cube.ide.mcu.externaltools.gnu-tools-for-stm32.10.3-2021.10.win32_1.0.0.202111181127/tools/bin/../lib/gcc/arm-none-eabi/10.3.1/../../../../arm-none-eabi/lib/thumb/v7e-m+dp/hard\libc_nano.a
LOAD c:/st/stm32cubeide_1.0.0/stm32cubeide/plugins/com.st.stm32cube.ide.mcu.externaltools.gnu-tools-for-stm32.10.3-2021.10.win32_1.0.0.202111181127/tools/bin/../lib/gcc/arm-none-eabi/10.3.1/../../../../arm-none-eabi/lib/thumb/v7e-m+dp/hard\libnosys.a
END GROUP
LOAD c:/st/stm32cubeide_1.0.0/stm32cubeide/plugins/com.st.stm32cube.ide.mcu.externaltools.gnu-tools-for-stm32.10.3-2021.10.win32_1.0.0.202111181127/tools/bin/../lib/gcc/arm-none-eabi/10.3.1/thumb/v7e-m+dp/hard/crtend.o
LOAD c:/st/stm32cubeide_1.0.0/stm32cubeide/plugins/com.st.stm32cube.ide.mcu.externaltools.gnu-tools-for-stm32.10.3-2021.10.win32_1.0.0.202111181127/tools/bin/../lib/gcc/arm-none-eabi/10.3.1/thumb/v7e-m+dp/hard/crtn.o
                0x0000000020020000                _estack = (ORIGIN (RAM_STACK) + LENGTH (RAM_STACK))
                0x0000000000000200                _Min_Heap_Size = 0x200
                0x0000000000000800                _Min_Stack_Size = 0x800
                0x0000000008008000                inicioRegionConfig = ORIGIN (FLASH_CONFIG)
                0x0000000008010000                finRegionConfig = (ORIGIN (FLASH_CONFIG) + LENGTH (FLASH_CONFIG))

.isr_vector     0x0000000008000000      0x1f8
                0x0000000008000000                . = ALIGN (0x200)
                0x0000000008000000                PROVIDE (inicioTablaVectoresISR = .)
 *(.isr_vector)
 .isr_vector    0x0000000008000000      0x1f8 ./Core/Startup/startup_stm32f767vgtx.o
                0x0000000008000000                g_pfnVectors
                0x00000000080001f8                . = ALIGN (0x4)

.text           0x0000000008010000    0x1e668
                0x0000000008010000                . = ALIGN (0x4)
 *(.text)
 .text          0x0000000008010000       0x40 c:/st/stm32cubeide_1.0.0/stm32cubeide/plugins/com.st.stm32cube.ide.mcu.externaltools.gnu-tools-for-stm32.10.3-2021.10.win32_1.0.0.202111181127/tools/bin/../lib/gcc/arm-none-eabi/10.3.1/thumb/v7e-m+dp/hard/crtbegin.o
 .text          0x0000000008010040       0x10 c:/st/stm32cubeide_1.0.0/stm32cubeide/plugins/com.st.stm32cube.ide.mcu.externaltools.gnu-tools-for-stm32.10.3-2021.10.win32_1.0.0.202111181127/tools/bin/../lib/gcc/arm-none-eabi/10.3.1/../../../../arm-none-eabi/lib/thumb/v7e-m+dp/hard\libc_nano.a(lib_a-strlen.o)
                0x0000000008010040                strlen
 .text          0x0000000008010050       0xa0 c:/st/stm32cubeide_1.0.0/stm32cubeide/plugins/com.st.stm32cube.ide.mcu.externaltools.gnu-tools-for-stm32.10.3-2021.10.win32_1.0.0.202111181127/tools/bin/../lib/gcc/arm-none-eabi/10.3.1/../../../../arm-none-eabi/lib/thumb/v7e-m+dp/hard\libc_nano.a(lib_a-memchr.o)
                0x0000000008010050                memchr
 .text          0x00000000080100f0      0x378 c:/st/stm32cubeide_1.0.0/stm32cubeide/plugins/com.st.stm32cube.ide.mcu.externaltools.gnu-tools-for-stm32.10.3-2021.10.win32_1.0.0.202111181127/tools/bin/../lib/gcc/arm-none-eabi/10.3.1/thumb/v7e-m+dp/hard\libgcc.a(_arm_addsubdf3.o)
                0x00000000080100f0                __aeabi_drsub
                0x00000000080100f8                __aeabi_dsub
                0x00000000080100f8                __subdf3
                0x00000000080100fc                __aeabi_dadd
                0x00000000080100fc                __adddf3
                0x0000000008010374                __floatunsidf
                0x0000000008010374                __aeabi_ui2d
                0x0000000008010394                __floatsidf
                0x0000000008010394                __aeabi_i2d
                0x00000000080103b8                __aeabi_f2d
                0x00000000080103b8                __extendsfdf2
                0x00000000080103fc                __floatundidf
                0x00000000080103fc                __aeabi_ul2d
                0x000000000801040c                __floatdidf
                0x000000000801040c                __aeabi_l2d
 .text          0x0000000008010468       0xa0 c:/st/stm32cubeide_1.0.0/stm32cubeide/plugins/com.st.stm32cube.ide.mcu.externaltools.gnu-tools-for-stm32.10.3-2021.10.win32_1.0.0.202111181127/tools/bin/../lib/gcc/arm-none-eabi/10.3.1/thumb/v7e-m+dp/hard\libgcc.a(_aeabi_ldivmod.o)
                0x0000000008010468                __aeabi_ldivmod
 .text          0x0000000008010508       0x30 c:/st/stm32cubeide_1.0.0/stm32cubeide/plugins/com.st.stm32cube.ide.mcu.externaltools.gnu-tools-for-stm32.10.3-2021.10.win32_1.0.0.202111181127/tools/bin/../lib/gcc/arm-none-eabi/10.3.1/thumb/v7e-m+dp/hard\libgcc.a(_aeabi_uldivmod.o)
                0x0000000008010508                __aeabi_uldivmod
 .text          0x0000000008010538      0x2d0 c:/st/stm32cubeide_1.0.0/stm32cubeide/plugins/com.st.stm32cube.ide.mcu.externaltools.gnu-tools-for-stm32.10.3-2021.10.win32_1.0.0.202111181127/tools/bin/../lib/gcc/arm-none-eabi/10.3.1/thumb/v7e-m+dp/hard\libgcc.a(_udivmoddi4.o)
                0x0000000008010538                __udivmoddi4
 .text          0x0000000008010808        0x4 c:/st/stm32cubeide_1.0.0/stm32cubeide/plugins/com.st.stm32cube.ide.mcu.externaltools.gnu-tools-for-stm32.10.3-2021.10.win32_1.0.0.202111181127/tools/bin/../lib/gcc/arm-none-eabi/10.3.1/thumb/v7e-m+dp/hard\libgcc.a(_dvmd_tls.o)
                0x0000000008010808                __aeabi_idiv0
                0x0000000008010808                __aeabi_ldiv0
 *(.text*)
 .text.iniciarAHRS
                0x000000000801080c       0x88 ./Core/AHRS/ahrs.o
                0x000000000801080c                iniciarAHRS
 .text.ajustarFiltroAcelAngAHRS
                0x0000000008010894       0x40 ./Core/AHRS/ahrs.o
                0x0000000008010894                ajustarFiltroAcelAngAHRS
 *fill*         0x00000000080108d4        0x4 
 .text.actualizarActitudYawAHRS
                0x00000000080108d8      0x178 ./Core/AHRS/ahrs.o
                0x00000000080108d8                actualizarActitudYawAHRS
 .text.calcularEulerAHRS
                0x0000000008010a50       0xfc ./Core/AHRS/ahrs.o
                0x0000000008010a50                calcularEulerAHRS
 *fill*         0x0000000008010b4c        0x4 
 .text.actualizarActitudAHRS
                0x0000000008010b50      0x104 ./Core/AHRS/ahrs.o
                0x0000000008010b50                actualizarActitudAHRS
 *fill*         0x0000000008010c54        0x4 
 .text.actualizarPosicionAHRS
                0x0000000008010c58       0x8c ./Core/AHRS/ahrs.o
                0x0000000008010c58                actualizarPosicionAHRS
 .text.actitudAHRS
                0x0000000008010ce4       0x14 ./Core/AHRS/ahrs.o
                0x0000000008010ce4                actitudAHRS
 .text.acelAngularAHRS
                0x0000000008010cf8       0x14 ./Core/AHRS/ahrs.o
                0x0000000008010cf8                acelAngularAHRS
 .text.iniciarMadgwick
                0x0000000008010d0c       0x40 ./Core/AHRS/madgwick.o
                0x0000000008010d0c                iniciarMadgwick
 .text.corregirCuaternionMadgwick
                0x0000000008010d4c      0x1dc ./Core/AHRS/madgwick.o
                0x0000000008010d4c                corregirCuaternionMadgwick
 .text.actualizarCuaternionDerivadaMadgwick
                0x0000000008010f28       0xb8 ./Core/AHRS/madgwick.o
                0x0000000008010f28                actualizarCuaternionDerivadaMadgwick
 .text.actualizarConMagMadgwick
                0x0000000008010fe0      0x318 ./Core/AHRS/madgwick.o
                0x0000000008010fe0                actualizarConMagMadgwick
 .text.actualizarSinMagMadgwick
                0x00000000080112f8      0x180 ./Core/AHRS/madgwick.o
                0x00000000080112f8                actualizarSinMagMadgwick
 .text.actualizarMadgwick
                0x0000000008011478      0x16c ./Core/AHRS/madgwick.o
                0x0000000008011478                actualizarMadgwick
 .text.iniciarMahony
                0x00000000080115e4       0x44 ./Core/AHRS/mahony.o
                0x00000000080115e4                iniciarMahony
 .text.actualizarSinMagMahony
                0x0000000008011628      0x208 ./Core/AHRS/mahony.o
                0x0000000008011628                actualizarSinMagMahony
 .text.actualizarControladorMahony
                0x0000000008011830       0xf0 ./Core/AHRS/mahony.o
                0x0000000008011830                actualizarControladorMahony
 .text.actualizarCuaternionMahony
                0x0000000008011920       0x84 ./Core/AHRS/mahony.o
                0x0000000008011920                actualizarCuaternionMahony
 .text.actualizarConMagMahony
                0x00000000080119a4      0x1d0 ./Core/AHRS/mahony.o
                0x00000000080119a4                actualizarConMagMahony
 *fill*         0x0000000008011b74        0x4 
 .text.actualizarMahony
                0x0000000008011b78      0x16c ./Core/AHRS/mahony.o
                0x0000000008011b78                actualizarMahony
 .text.calcularCRC4
                0x0000000008011ce4       0xfc ./Core/Comun/crc.o
                0x0000000008011ce4                calcularCRC4
 .text.calcularCRC16
                0x0000000008011de0       0xd0 ./Core/Comun/crc.o
                0x0000000008011de0                calcularCRC16
 .text.distanciaNE
                0x0000000008011eb0       0x88 ./Core/Comun/localizacion.o
                0x0000000008011eb0                distanciaNE
 .text.anadirOffsetLoc
                0x0000000008011f38       0x90 ./Core/Comun/localizacion.o
                0x0000000008011f38                anadirOffsetLoc
 .text.limitarUint16
                0x0000000008011fc8       0x10 ./Core/Comun/matematicas.o
                0x0000000008011fc8                limitarUint16
 .text.limitarInt32
                0x0000000008011fd8       0x10 ./Core/Comun/matematicas.o
                0x0000000008011fd8                limitarInt32
 .text.limitarFloat
                0x0000000008011fe8       0x18 ./Core/Comun/matematicas.o
                0x0000000008011fe8                limitarFloat
 .text.moduloVector2
                0x0000000008012000       0x20 ./Core/Comun/matematicas.o
                0x0000000008012000                moduloVector2
 .text.moduloVector3
                0x0000000008012020       0x28 ./Core/Comun/matematicas.o
                0x0000000008012020                moduloVector3
 .text.envolverInt360
                0x0000000008012048       0x38 ./Core/Comun/matematicas.o
                0x0000000008012048                envolverInt360
 .text.normalizar3Array
                0x0000000008012080       0x5c ./Core/Comun/matematicas.o
                0x0000000008012080                normalizar3Array
 .text.normalizar4Array
                0x00000000080120dc       0x6c ./Core/Comun/matematicas.o
                0x00000000080120dc                normalizar4Array
 .text.generarNumeroAleatorioUint16
                0x0000000008012148       0x34 ./Core/Comun/matematicas.o
                0x0000000008012148                generarNumeroAleatorioUint16
 .text.inversaMatriz
                0x000000000801217c      0xb50 ./Core/Comun/matriz.o
                0x000000000801217c                inversaMatriz
 .text.falloSistema
                0x0000000008012ccc       0x78 ./Core/Core/fallo_sistema.o
                0x0000000008012ccc                falloSistema
 .text.iniciarPlaca
                0x0000000008012d44       0xf8 ./Core/Core/inicializacion.o
                0x0000000008012d44                iniciarPlaca
 .text.iniciarLedEstado
                0x0000000008012e3c       0x9c ./Core/Core/led_estado.o
                0x0000000008012e3c                iniciarLedEstado
 .text.escribirLedEstado
                0x0000000008012ed8      0x120 ./Core/Core/led_estado.o
                0x0000000008012ed8                escribirLedEstado
 .text.startup.main
                0x0000000008012ff8        0xc ./Core/Core/main.o
                0x0000000008012ff8                main
 .text.chequearStack
                0x0000000008013004       0x40 ./Core/Core/stack.o
                0x0000000008013004                chequearStack
 .text.punteroADC
                0x0000000008013044       0x10 ./Core/Drivers/adc.o
                0x0000000008013044                punteroADC
 .text.iniciarADC
                0x0000000008013054      0x108 ./Core/Drivers/adc.o
                0x0000000008013054                iniciarADC
 .text.iniciadoADC
                0x000000000801315c        0xc ./Core/Drivers/adc.o
                0x000000000801315c                iniciadoADC
 .text.asignarPuertoADC
                0x0000000008013168       0x24 ./Core/Drivers/adc.o
                0x0000000008013168                asignarPuertoADC
 .text.leerCanalADC
                0x000000000801318c       0x34 ./Core/Drivers/adc.o
                0x000000000801318c                leerCanalADC
 .text.actualizarADCinterno
                0x00000000080131c0       0x60 ./Core/Drivers/adc.o
                0x00000000080131c0                actualizarADCinterno
 .text.tensionReferencia
                0x0000000008013220        0xc ./Core/Drivers/adc.o
                0x0000000008013220                tensionReferencia
 .text.iniciarInyectadoADCinterno
                0x000000000801322c       0x9c ./Core/Drivers/adc_hal.o
                0x000000000801322c                iniciarInyectadoADCinterno
 .text.iniciarDriverADC
                0x00000000080132c8      0x62c ./Core/Drivers/adc_hal.o
                0x00000000080132c8                iniciarDriverADC
 .text.leerADCinterno
                0x00000000080138f4       0xc8 ./Core/Drivers/adc_hal.o
                0x00000000080138f4                leerADCinterno
 .text.asignarHALadc
                0x00000000080139bc      0x270 ./Core/Drivers/adc_hardware.o
                0x00000000080139bc                asignarHALadc
 .text.DMA1_Stream0_IRQHandler
                0x0000000008013c2c       0x10 ./Core/Drivers/dma.o
                0x0000000008013c2c                DMA1_Stream0_IRQHandler
 .text.DMA1_Stream1_IRQHandler
                0x0000000008013c3c       0x10 ./Core/Drivers/dma.o
                0x0000000008013c3c                DMA1_Stream1_IRQHandler
 .text.DMA1_Stream2_IRQHandler
                0x0000000008013c4c       0x10 ./Core/Drivers/dma.o
                0x0000000008013c4c                DMA1_Stream2_IRQHandler
 .text.DMA1_Stream3_IRQHandler
                0x0000000008013c5c       0x10 ./Core/Drivers/dma.o
                0x0000000008013c5c                DMA1_Stream3_IRQHandler
 .text.DMA1_Stream4_IRQHandler
                0x0000000008013c6c       0x10 ./Core/Drivers/dma.o
                0x0000000008013c6c                DMA1_Stream4_IRQHandler
 .text.DMA1_Stream5_IRQHandler
                0x0000000008013c7c       0x14 ./Core/Drivers/dma.o
                0x0000000008013c7c                DMA1_Stream5_IRQHandler
 .text.DMA1_Stream6_IRQHandler
                0x0000000008013c90       0x14 ./Core/Drivers/dma.o
                0x0000000008013c90                DMA1_Stream6_IRQHandler
 .text.DMA1_Stream7_IRQHandler
                0x0000000008013ca4       0x14 ./Core/Drivers/dma.o
                0x0000000008013ca4                DMA1_Stream7_IRQHandler
 .text.DMA2_Stream0_IRQHandler
                0x0000000008013cb8       0x14 ./Core/Drivers/dma.o
                0x0000000008013cb8                DMA2_Stream0_IRQHandler
 .text.DMA2_Stream1_IRQHandler
                0x0000000008013ccc       0x14 ./Core/Drivers/dma.o
                0x0000000008013ccc                DMA2_Stream1_IRQHandler
 .text.DMA2_Stream2_IRQHandler
                0x0000000008013ce0       0x14 ./Core/Drivers/dma.o
                0x0000000008013ce0                DMA2_Stream2_IRQHandler
 .text.DMA2_Stream3_IRQHandler
                0x0000000008013cf4       0x14 ./Core/Drivers/dma.o
                0x0000000008013cf4                DMA2_Stream3_IRQHandler
 .text.DMA2_Stream4_IRQHandler
                0x0000000008013d08       0x14 ./Core/Drivers/dma.o
                0x0000000008013d08                DMA2_Stream4_IRQHandler
 .text.DMA2_Stream5_IRQHandler
                0x0000000008013d1c       0x14 ./Core/Drivers/dma.o
                0x0000000008013d1c                DMA2_Stream5_IRQHandler
 .text.DMA2_Stream6_IRQHandler
                0x0000000008013d30       0x14 ./Core/Drivers/dma.o
                0x0000000008013d30                DMA2_Stream6_IRQHandler
 .text.DMA2_Stream7_IRQHandler
                0x0000000008013d44       0x14 ./Core/Drivers/dma.o
                0x0000000008013d44                DMA2_Stream7_IRQHandler
 .text.iniciarDMA
                0x0000000008013d58       0x54 ./Core/Drivers/dma.o
                0x0000000008013d58                iniciarDMA
 .text.identificadorDMA
                0x0000000008013dac       0xc4 ./Core/Drivers/dma.o
                0x0000000008013dac                identificadorDMA
 .text.resetearGrabadorFlash
                0x0000000008013e70       0x10 ./Core/Drivers/flash.o
                0x0000000008013e70                resetearGrabadorFlash
 .text.desbloquearGrabadorFlash
                0x0000000008013e80       0x20 ./Core/Drivers/flash.o
                0x0000000008013e80                desbloquearGrabadorFlash
 .text.bloquearGrabadorFlash
                0x0000000008013ea0       0x18 ./Core/Drivers/flash.o
                0x0000000008013ea0                bloquearGrabadorFlash
 .text.escribirGrabadorFlash
                0x0000000008013eb8      0x140 ./Core/Drivers/flash.o
                0x0000000008013eb8                escribirGrabadorFlash
 .text.flushGrabadorFlash
                0x0000000008013ff8      0x114 ./Core/Drivers/flash.o
                0x0000000008013ff8                flushGrabadorFlash
 .text.punteroI2C
                0x000000000801410c       0x10 ./Core/Drivers/i2c.o
                0x000000000801410c                punteroI2C
 .text.iniciarI2C
                0x000000000801411c       0x3c ./Core/Drivers/i2c.o
                0x000000000801411c                iniciarI2C
 .text.i2cIniciado
                0x0000000008014158       0x10 ./Core/Drivers/i2c.o
                0x0000000008014158                i2cIniciado
 .text.errorCallbackI2C
                0x0000000008014168       0x18 ./Core/Drivers/i2c.o
                0x0000000008014168                errorCallbackI2C
 .text.ocupadoBusI2C
                0x0000000008014180        0x8 ./Core/Drivers/i2c_bus.o
                0x0000000008014180                ocupadoBusI2C
 .text.drenarRecepcionBusI2C
                0x0000000008014188        0x8 ./Core/Drivers/i2c_bus.o
                0x0000000008014188                drenarRecepcionBusI2C
 .text.escribirBufferRegistroBusI2C
                0x0000000008014190       0x1c ./Core/Drivers/i2c_bus.o
                0x0000000008014190                escribirBufferRegistroBusI2C
 .text.leerBufferRegistroBusI2C
                0x00000000080141ac       0x1c ./Core/Drivers/i2c_bus.o
                0x00000000080141ac                leerBufferRegistroBusI2C
 .text.habilitarRelojI2C
                0x00000000080141c8       0x74 ./Core/Drivers/i2c_hal.o
                0x00000000080141c8                habilitarRelojI2C
 .text.iniciarDriverI2C
                0x000000000801423c       0xc0 ./Core/Drivers/i2c_hal.o
                0x000000000801423c                iniciarDriverI2C
 .text.asignarHALi2c
                0x00000000080142fc      0x118 ./Core/Drivers/i2c_hardware.o
                0x00000000080142fc                asignarHALi2c
 .text.habilitarRelojIO
                0x0000000008014414       0xe8 ./Core/Drivers/io.o
                0x0000000008014414                habilitarRelojIO
 .text.configurarIO
                0x00000000080144fc       0x58 ./Core/Drivers/io.o
                0x00000000080144fc                configurarIO
 .text.escribirIO
                0x0000000008014554       0x24 ./Core/Drivers/io.o
                0x0000000008014554                escribirIO
 .text.leerIO   0x0000000008014578       0x28 ./Core/Drivers/io.o
                0x0000000008014578                leerIO
 .text.NMI_Handler
                0x00000000080145a0       0x1c ./Core/Drivers/nvic.o
                0x00000000080145a0                NMI_Handler
 .text.HardFault_Handler
                0x00000000080145bc        0x8 ./Core/Drivers/nvic.o
                0x00000000080145bc                HardFault_Handler
 .text.MemManage_Handler
                0x00000000080145c4        0x8 ./Core/Drivers/nvic.o
                0x00000000080145c4                MemManage_Handler
 .text.BusFault_Handler
                0x00000000080145cc        0x8 ./Core/Drivers/nvic.o
                0x00000000080145cc                BusFault_Handler
 .text.UsageFault_Handler
                0x00000000080145d4        0x8 ./Core/Drivers/nvic.o
                0x00000000080145d4                UsageFault_Handler
 .text.SysTick_Handler
                0x00000000080145dc       0x40 ./Core/Drivers/nvic.o
                0x00000000080145dc                SysTick_Handler
 .text.__NVIC_SystemReset
                0x000000000801461c       0x24 ./Core/Drivers/reset.o
 .text.resetSistema
                0x0000000008014640        0x8 ./Core/Drivers/reset.o
                0x0000000008014640                resetSistema
 .text.rccCSR   0x0000000008014648       0x14 ./Core/Drivers/reset.o
                0x0000000008014648                rccCSR
 .text.iniciarRTC
                0x000000000801465c       0x2c ./Core/Drivers/rtc.o
                0x000000000801465c                iniciarRTC
 .text.tieneHoraRTC
                0x0000000008014688       0x14 ./Core/Drivers/rtc.o
                0x0000000008014688                tieneHoraRTC
 .text.ajustarHoraInicioUnix
                0x000000000801469c       0x98 ./Core/Drivers/rtc.o
                0x000000000801469c                ajustarHoraInicioUnix
 .text.horaUnixAfechaHoraRTC
                0x0000000008014734      0x190 ./Core/Drivers/rtc.o
                0x0000000008014734                horaUnixAfechaHoraRTC
 .text.ajustarUnixRTC
                0x00000000080148c4       0x34 ./Core/Drivers/rtc.o
                0x00000000080148c4                ajustarUnixRTC
 .text.ajustarFechaHoraPorDefectoRTChw
                0x00000000080148f8       0x70 ./Core/Drivers/rtc_hal.o
                0x00000000080148f8                ajustarFechaHoraPorDefectoRTChw
 .text.iniciarDispositivoRTChw
                0x0000000008014968       0xc4 ./Core/Drivers/rtc_hal.o
                0x0000000008014968                iniciarDispositivoRTChw
 .text.ajustarFechaHoraRTChw
                0x0000000008014a2c       0x4c ./Core/Drivers/rtc_hal.o
                0x0000000008014a2c                ajustarFechaHoraRTChw
 .text.punteroSDMMC
                0x0000000008014a78        0x8 ./Core/Drivers/sdmmc.o
                0x0000000008014a78                punteroSDMMC
 .text.HAL_SD_TxCpltCallback
                0x0000000008014a80       0x10 ./Core/Drivers/sdmmc_hal.o
                0x0000000008014a80                HAL_SD_TxCpltCallback
 .text.HAL_SD_RxCpltCallback
                0x0000000008014a90       0x54 ./Core/Drivers/sdmmc_hal.o
                0x0000000008014a90                HAL_SD_RxCpltCallback
 .text.HAL_SD_AbortCallback
                0x0000000008014ae4       0x14 ./Core/Drivers/sdmmc_hal.o
                0x0000000008014ae4                HAL_SD_AbortCallback
 .text.SDMMC1_IRQHandler
                0x0000000008014af8       0x10 ./Core/Drivers/sdmmc_hal.o
                0x0000000008014af8                SDMMC1_IRQHandler
 .text.SDMMC2_IRQHandler
                0x0000000008014b08       0x10 ./Core/Drivers/sdmmc_hal.o
                0x0000000008014b08                SDMMC2_IRQHandler
 .text.punteroSPI
                0x0000000008014b18       0x10 ./Core/Drivers/spi.o
                0x0000000008014b18                punteroSPI
 .text.iniciarSPI
                0x0000000008014b28       0x40 ./Core/Drivers/spi.o
                0x0000000008014b28                iniciarSPI
 .text.spiIniciado
                0x0000000008014b68       0x10 ./Core/Drivers/spi.o
                0x0000000008014b68                spiIniciado
 .text.errorCallbackSPI
                0x0000000008014b78       0x1c ./Core/Drivers/spi.o
                0x0000000008014b78                errorCallbackSPI
 .text.ocupadoBusSPI
                0x0000000008014b94        0x8 ./Core/Drivers/spi_bus.o
                0x0000000008014b94                ocupadoBusSPI
 .text.drenarRecepcionBusSPI
                0x0000000008014b9c        0x8 ./Core/Drivers/spi_bus.o
                0x0000000008014b9c                drenarRecepcionBusSPI
 .text.escribirBufferRegistroBusSPI
                0x0000000008014ba4       0x40 ./Core/Drivers/spi_bus.o
                0x0000000008014ba4                escribirBufferRegistroBusSPI
 .text.leerBufferRegistroBusSPI
                0x0000000008014be4       0x40 ./Core/Drivers/spi_bus.o
                0x0000000008014be4                leerBufferRegistroBusSPI
 .text.ajustarRelojSPI
                0x0000000008014c24       0x58 ./Core/Drivers/spi_hal.o
                0x0000000008014c24                ajustarRelojSPI
 .text.habilitarRelojSPI
                0x0000000008014c7c       0xa4 ./Core/Drivers/spi_hal.o
                0x0000000008014c7c                habilitarRelojSPI
 .text.iniciarDriverSPI
                0x0000000008014d20       0xd0 ./Core/Drivers/spi_hal.o
                0x0000000008014d20                iniciarDriverSPI
 .text.asignarHALspi
                0x0000000008014df0      0x364 ./Core/Drivers/spi_hardware.o
                0x0000000008014df0                asignarHALspi
 .text.iniciarContadorCiclos
                0x0000000008015154       0x1c ./Core/Drivers/tiempo.o
                0x0000000008015154                iniciarContadorCiclos
 .text.microsISR
                0x0000000008015170       0x58 ./Core/Drivers/tiempo.o
                0x0000000008015170                microsISR
 .text.micros   0x00000000080151c8       0xa8 ./Core/Drivers/tiempo.o
                0x00000000080151c8                micros
 .text.millis   0x0000000008015270        0xc ./Core/Drivers/tiempo.o
                0x0000000008015270                millis
 .text.delay    0x000000000801527c      0x124 ./Core/Drivers/tiempo.o
                0x000000000801527c                delay
 .text.HAL_Delay
                0x00000000080153a0      0x124 ./Core/Drivers/tiempo.o
                0x00000000080153a0                HAL_Delay
 .text.punteroTim
                0x00000000080154c4       0x10 ./Core/Drivers/timer.o
                0x00000000080154c4                punteroTim
 .text.punteroTimer
                0x00000000080154d4       0x10 ./Core/Drivers/timer.o
                0x00000000080154d4                punteroTimer
 .text.iniciarTimer
                0x00000000080154e4       0xbc ./Core/Drivers/timer.o
                0x00000000080154e4                iniciarTimer
 .text.timerPorTag
                0x00000000080155a0       0x48 ./Core/Drivers/timer.o
                0x00000000080155a0                timerPorTag
 .text.asignarCallbackPeriodoTimer
                0x00000000080155e8       0x10 ./Core/Drivers/timer_hal.o
                0x00000000080155e8                asignarCallbackPeriodoTimer
 .text.asignarCallbackCCtimer
                0x00000000080155f8        0x4 ./Core/Drivers/timer_hal.o
                0x00000000080155f8                asignarCallbackCCtimer
 .text.asignarCallbackOvrTimer
                0x00000000080155fc        0x8 ./Core/Drivers/timer_hal.o
                0x00000000080155fc                asignarCallbackOvrTimer
 .text.configurarCallbacksTimer
                0x0000000008015604       0xb0 ./Core/Drivers/timer_hal.o
                0x0000000008015604                configurarCallbacksTimer
 .text.HAL_TIM_PeriodElapsedCallback
                0x00000000080156b4       0xb4 ./Core/Drivers/timer_hal.o
                0x00000000080156b4                HAL_TIM_PeriodElapsedCallback
 .text.TIM1_CC_IRQHandler
                0x0000000008015768        0x8 ./Core/Drivers/timer_hal.o
                0x0000000008015768                TIM1_CC_IRQHandler
 .text.TIM1_UP_TIM10_IRQHandler
                0x0000000008015770       0x14 ./Core/Drivers/timer_hal.o
                0x0000000008015770                TIM1_UP_TIM10_IRQHandler
 .text.TIM2_IRQHandler
                0x0000000008015784        0x8 ./Core/Drivers/timer_hal.o
                0x0000000008015784                TIM2_IRQHandler
 .text.TIM3_IRQHandler
                0x000000000801578c        0x8 ./Core/Drivers/timer_hal.o
                0x000000000801578c                TIM3_IRQHandler
 .text.TIM4_IRQHandler
                0x0000000008015794        0x8 ./Core/Drivers/timer_hal.o
                0x0000000008015794                TIM4_IRQHandler
 .text.TIM5_IRQHandler
                0x000000000801579c        0x8 ./Core/Drivers/timer_hal.o
                0x000000000801579c                TIM5_IRQHandler
 .text.TIM7_IRQHandler
                0x00000000080157a4       0x14 ./Core/Drivers/timer_hal.o
                0x00000000080157a4                TIM7_IRQHandler
 .text.TIM8_CC_IRQHandler
                0x00000000080157b8        0x8 ./Core/Drivers/timer_hal.o
                0x00000000080157b8                TIM8_CC_IRQHandler
 .text.TIM8_UP_TIM13_IRQHandler
                0x00000000080157c0       0x14 ./Core/Drivers/timer_hal.o
                0x00000000080157c0                TIM8_UP_TIM13_IRQHandler
 .text.TIM1_BRK_TIM9_IRQHandler
                0x00000000080157d4        0x8 ./Core/Drivers/timer_hal.o
                0x00000000080157d4                TIM1_BRK_TIM9_IRQHandler
 .text.TIM1_TRG_COM_TIM11_IRQHandler
                0x00000000080157dc        0x8 ./Core/Drivers/timer_hal.o
                0x00000000080157dc                TIM1_TRG_COM_TIM11_IRQHandler
 .text.TIM8_BRK_TIM12_IRQHandler
                0x00000000080157e4        0x8 ./Core/Drivers/timer_hal.o
                0x00000000080157e4                TIM8_BRK_TIM12_IRQHandler
 .text.habilitarRelojTimer
                0x00000000080157ec      0x154 ./Core/Drivers/timer_hal.o
                0x00000000080157ec                habilitarRelojTimer
 .text.configurarBaseTiempoTimer
                0x0000000008015940      0x15c ./Core/Drivers/timer_hal.o
                0x0000000008015940                configurarBaseTiempoTimer
 .text.configurarSalidaPWMtimer
                0x0000000008015a9c       0xc8 ./Core/Drivers/timer_hal.o
                0x0000000008015a9c                configurarSalidaPWMtimer
 .text.configurarCapturaEntradaTimer
                0x0000000008015b64       0xc0 ./Core/Drivers/timer_hal.o
                0x0000000008015b64                configurarCapturaEntradaTimer
 .text.asignarPinTimer
                0x0000000008015c24      0x11c ./Core/Drivers/timer_hardware.o
                0x0000000008015c24                asignarPinTimer
 .text.asignarHALtimer
                0x0000000008015d40      0x16c ./Core/Drivers/timer_hardware.o
                0x0000000008015d40                asignarHALtimer
 .text.punteroUART
                0x0000000008015eac       0x10 ./Core/Drivers/uart.o
                0x0000000008015eac                punteroUART
 .text.iniciarUART
                0x0000000008015ebc       0x6c ./Core/Drivers/uart.o
                0x0000000008015ebc                iniciarUART
 .text.uartIniciada
                0x0000000008015f28       0x14 ./Core/Drivers/uart.o
                0x0000000008015f28                uartIniciada
 .text.ajustarBaudRateUART
                0x0000000008015f3c       0x40 ./Core/Drivers/uart.o
                0x0000000008015f3c                ajustarBaudRateUART
 .text.errorCallbackUART
                0x0000000008015f7c       0x1c ./Core/Drivers/uart.o
                0x0000000008015f7c                errorCallbackUART
 .text.USART1_IRQHandler
                0x0000000008015f98        0x8 ./Core/Drivers/uart_hal.o
                0x0000000008015f98                USART1_IRQHandler
 .text.habilitarRelojUART
                0x0000000008015fa0       0xd8 ./Core/Drivers/uart_hal.o
                0x0000000008015fa0                habilitarRelojUART
 .text.iniciarDriverUART
                0x0000000008016078       0xf8 ./Core/Drivers/uart_hal.o
                0x0000000008016078                iniciarDriverUART
 .text.comprobarConfigHardwareUART
                0x0000000008016170      0x104 ./Core/Drivers/uart_hardware.o
                0x0000000008016170                comprobarConfigHardwareUART
 .text.asignarHALuart
                0x0000000008016274      0x168 ./Core/Drivers/uart_hardware.o
                0x0000000008016274                asignarHALuart
 .text.punteroUSB
                0x00000000080163dc        0x8 ./Core/Drivers/usb.o
                0x00000000080163dc                punteroUSB
 .text.iniciarUSB
                0x00000000080163e4       0x20 ./Core/Drivers/usb.o
                0x00000000080163e4                iniciarUSB
 .text.usbAbierto
                0x0000000008016404        0xc ./Core/Drivers/usb.o
                0x0000000008016404                usbAbierto
 .text.usbConfigurado
                0x0000000008016410       0x18 ./Core/Drivers/usb.o
                0x0000000008016410                usbConfigurado
 .text.usbConectado
                0x0000000008016428       0x14 ./Core/Drivers/usb.o
                0x0000000008016428                usbConectado
 .text.descriptorDispositivoUSB
                0x000000000801643c        0xc ./Core/Drivers/usb_descriptor.o
                0x000000000801643c                descriptorDispositivoUSB
 .text.descriptorIdLangDispositivoUSB
                0x0000000008016448        0xc ./Core/Drivers/usb_descriptor.o
                0x0000000008016448                descriptorIdLangDispositivoUSB
 .text.descriptorBOSDispositivoUSB
                0x0000000008016454        0xc ./Core/Drivers/usb_descriptor.o
                0x0000000008016454                descriptorBOSDispositivoUSB
 .text.descriptorFabricanteDispositivoUSB
                0x0000000008016460       0x1c ./Core/Drivers/usb_descriptor.o
                0x0000000008016460                descriptorFabricanteDispositivoUSB
 .text.descriptorProductoDispositivoUSB
                0x000000000801647c       0x1c ./Core/Drivers/usb_descriptor.o
                0x000000000801647c                descriptorProductoDispositivoUSB
 .text.descriptorConfigDispositivoUSB
                0x0000000008016498       0x1c ./Core/Drivers/usb_descriptor.o
                0x0000000008016498                descriptorConfigDispositivoUSB
 .text.descriptorInterfazDispositivoUSB
                0x00000000080164b4       0x1c ./Core/Drivers/usb_descriptor.o
                0x00000000080164b4                descriptorInterfazDispositivoUSB
 .text.generarNumeroSerieUSB
                0x00000000080164d0      0x118 ./Core/Drivers/usb_descriptor.o
                0x00000000080164d0                generarNumeroSerieUSB
 .text.descriptorNumSerieDispositivoUSB
                0x00000000080165e8       0x14 ./Core/Drivers/usb_descriptor.o
                0x00000000080165e8                descriptorNumSerieDispositivoUSB
 .text.punteroDescriptorUSB
                0x00000000080165fc        0x8 ./Core/Drivers/usb_descriptor.o
                0x00000000080165fc                punteroDescriptorUSB
 .text.deIniciarCDC
                0x0000000008016604        0x4 ./Core/Drivers/usb_hal.o
                0x0000000008016604                deIniciarCDC
 .text.transmisionCompletaCDC
                0x0000000008016608        0x4 ./Core/Drivers/usb_hal.o
                0x0000000008016608                transmisionCompletaCDC
 .text.recibirCDC
                0x000000000801660c       0x38 ./Core/Drivers/usb_hal.o
                0x000000000801660c                recibirCDC
 .text.controlCDC
                0x0000000008016644       0x30 ./Core/Drivers/usb_hal.o
                0x0000000008016644                controlCDC
 .text.iniciarCDC
                0x0000000008016674       0x74 ./Core/Drivers/usb_hal.o
                0x0000000008016674                iniciarCDC
 .text.iniciarDriverUSB
                0x00000000080166e8       0x58 ./Core/Drivers/usb_hal.o
                0x00000000080166e8                iniciarDriverUSB
 .text.OTG_FS_IRQHandler
                0x0000000008016740       0x14 ./Core/Drivers/usb_hal.o
                0x0000000008016740                OTG_FS_IRQHandler
 .text.HAL_PCD_MspInit
                0x0000000008016754       0x7c ./Core/Drivers/usb_hal.o
                0x0000000008016754                HAL_PCD_MspInit
 .text.HAL_PCD_SetupStageCallback
                0x00000000080167d0        0xc ./Core/Drivers/usb_hal.o
                0x00000000080167d0                HAL_PCD_SetupStageCallback
 .text.HAL_PCD_DataOutStageCallback
                0x00000000080167dc       0x14 ./Core/Drivers/usb_hal.o
                0x00000000080167dc                HAL_PCD_DataOutStageCallback
 .text.HAL_PCD_DataInStageCallback
                0x00000000080167f0       0x14 ./Core/Drivers/usb_hal.o
                0x00000000080167f0                HAL_PCD_DataInStageCallback
 .text.HAL_PCD_SOFCallback
                0x0000000008016804        0x8 ./Core/Drivers/usb_hal.o
                0x0000000008016804                HAL_PCD_SOFCallback
 .text.HAL_PCD_ResetCallback
                0x000000000801680c       0x20 ./Core/Drivers/usb_hal.o
                0x000000000801680c                HAL_PCD_ResetCallback
 .text.HAL_PCD_SuspendCallback
                0x000000000801682c       0x30 ./Core/Drivers/usb_hal.o
                0x000000000801682c                HAL_PCD_SuspendCallback
 .text.HAL_PCD_ResumeCallback
                0x000000000801685c        0x8 ./Core/Drivers/usb_hal.o
                0x000000000801685c                HAL_PCD_ResumeCallback
 .text.HAL_PCD_ISOOUTIncompleteCallback
                0x0000000008016864        0x8 ./Core/Drivers/usb_hal.o
                0x0000000008016864                HAL_PCD_ISOOUTIncompleteCallback
 .text.HAL_PCD_ISOINIncompleteCallback
                0x000000000801686c        0x8 ./Core/Drivers/usb_hal.o
                0x000000000801686c                HAL_PCD_ISOINIncompleteCallback
 .text.HAL_PCD_ConnectCallback
                0x0000000008016874        0x8 ./Core/Drivers/usb_hal.o
                0x0000000008016874                HAL_PCD_ConnectCallback
 .text.HAL_PCD_DisconnectCallback
                0x000000000801687c        0x8 ./Core/Drivers/usb_hal.o
                0x000000000801687c                HAL_PCD_DisconnectCallback
 .text.USBD_LL_Init
                0x0000000008016884       0x5c ./Core/Drivers/usb_hal.o
                0x0000000008016884                USBD_LL_Init
 .text.USBD_LL_Start
                0x00000000080168e0       0x1c ./Core/Drivers/usb_hal.o
                0x00000000080168e0                USBD_LL_Start
 .text.USBD_LL_OpenEP
                0x00000000080168fc       0x24 ./Core/Drivers/usb_hal.o
                0x00000000080168fc                USBD_LL_OpenEP
 .text.USBD_LL_CloseEP
                0x0000000008016920       0x1c ./Core/Drivers/usb_hal.o
                0x0000000008016920                USBD_LL_CloseEP
 .text.USBD_LL_StallEP
                0x000000000801693c       0x1c ./Core/Drivers/usb_hal.o
                0x000000000801693c                USBD_LL_StallEP
 .text.USBD_LL_ClearStallEP
                0x0000000008016958       0x1c ./Core/Drivers/usb_hal.o
                0x0000000008016958                USBD_LL_ClearStallEP
 .text.USBD_LL_IsStallEP
                0x0000000008016974       0x28 ./Core/Drivers/usb_hal.o
                0x0000000008016974                USBD_LL_IsStallEP
 .text.USBD_LL_SetUSBAddress
                0x000000000801699c       0x1c ./Core/Drivers/usb_hal.o
                0x000000000801699c                USBD_LL_SetUSBAddress
 .text.USBD_LL_Transmit
                0x00000000080169b8       0x1c ./Core/Drivers/usb_hal.o
                0x00000000080169b8                USBD_LL_Transmit
 .text.USBD_LL_PrepareReceive
                0x00000000080169d4       0x1c ./Core/Drivers/usb_hal.o
                0x00000000080169d4                USBD_LL_PrepareReceive
 .text.USBD_LL_GetRxDataSize
                0x00000000080169f0        0x8 ./Core/Drivers/usb_hal.o
                0x00000000080169f0                USBD_LL_GetRxDataSize
 .text.asignarHALusb
                0x00000000080169f8       0x2c ./Core/Drivers/usb_hardware.o
                0x00000000080169f8                asignarHALusb
 .text.iniciarControladores
                0x0000000008016a24       0xe4 ./Core/FC/control.o
                0x0000000008016a24                iniciarControladores
 .text.actualizarControlActitud
                0x0000000008016b08       0xd0 ./Core/FC/control.o
                0x0000000008016b08                actualizarControlActitud
 .text.uRollPID
                0x0000000008016bd8        0xc ./Core/FC/control.o
                0x0000000008016bd8                uRollPID
 .text.uPitchPID
                0x0000000008016be4        0xc ./Core/FC/control.o
                0x0000000008016be4                uPitchPID
 .text.iniciarFC
                0x0000000008016bf0       0x3c ./Core/FC/fc.o
                0x0000000008016bf0                iniciarFC
 .text.actualizarLazoActitudFC
                0x0000000008016c2c       0x10 ./Core/FC/fc.o
                0x0000000008016c2c                actualizarLazoActitudFC
 .text.actualizarLazoPosicionFC
                0x0000000008016c3c        0x4 ./Core/FC/fc.o
                0x0000000008016c3c                actualizarLazoPosicionFC
 .text.iniciarMixer
                0x0000000008016c40       0x60 ./Core/FC/mixer.o
                0x0000000008016c40                iniciarMixer
 .text.numMotores
                0x0000000008016ca0        0xc ./Core/FC/mixer.o
                0x0000000008016ca0                numMotores
 .text.apagarMotoresMixer
                0x0000000008016cac       0x10 ./Core/FC/mixer.o
                0x0000000008016cac                apagarMotoresMixer
 .text.encenderMotoresMixer
                0x0000000008016cbc       0x10 ./Core/FC/mixer.o
                0x0000000008016cbc                encenderMotoresMixer
 .text.motoresEncendidosMixer
                0x0000000008016ccc       0x10 ./Core/FC/mixer.o
                0x0000000008016ccc                motoresEncendidosMixer
 .text.iniciarRC
                0x0000000008016cdc       0x5c ./Core/FC/rc.o
                0x0000000008016cdc                iniciarRC
 .text.procesarSecuenciaRC
                0x0000000008016d38      0x1ac ./Core/FC/rc.o
                0x0000000008016d38                procesarSecuenciaRC
 .text.generarRefRollPitchRC
                0x0000000008016ee4      0x170 ./Core/FC/rc.o
                0x0000000008016ee4                generarRefRollPitchRC
 .text.generarRefYawRC
                0x0000000008017054      0x124 ./Core/FC/rc.o
                0x0000000008017054                generarRefYawRC
 .text.generarRefAltRC
                0x0000000008017178      0x1d0 ./Core/FC/rc.o
                0x0000000008017178                generarRefAltRC
 .text.actualizarModoRC
                0x0000000008017348      0x180 ./Core/FC/rc.o
                0x0000000008017348                actualizarModoRC
 .text.actualizarRC
                0x00000000080174c8       0x38 ./Core/FC/rc.o
                0x00000000080174c8                actualizarRC
 .text.refAngulosRC
                0x0000000008017500       0x14 ./Core/FC/rc.o
                0x0000000008017500                refAngulosRC
 .text.ajustarFiltroMediaMovil
                0x0000000008017514       0x18 ./Core/Filtros/filtro_media_movil.o
                0x0000000008017514                ajustarFiltroMediaMovil
 .text.actualizarFiltroMediaMovil
                0x000000000801752c      0x11c ./Core/Filtros/filtro_media_movil.o
                0x000000000801752c                actualizarFiltroMediaMovil
 .text.ajustarFiltroPasaBajo2P
                0x0000000008017648       0xb4 ./Core/Filtros/filtro_pasa_bajo.o
                0x0000000008017648                ajustarFiltroPasaBajo2P
 .text.actualizarFiltroPasaBajo2P
                0x00000000080176fc       0x4c ./Core/Filtros/filtro_pasa_bajo.o
                0x00000000080176fc                actualizarFiltroPasaBajo2P
 .text.estructuraFlashConfigValida.part.0
                0x0000000008017748       0x60 ./Core/GP/config_flash.o
 .text.cargarConfigFlash
                0x00000000080177a8       0x98 ./Core/GP/config_flash.o
                0x00000000080177a8                cargarConfigFlash
 .text.versionValidaConfigFlash
                0x0000000008017840       0x14 ./Core/GP/config_flash.o
                0x0000000008017840                versionValidaConfigFlash
 .text.escribirAjustesEnFlash
                0x0000000008017854      0x114 ./Core/GP/config_flash.o
                0x0000000008017854                escribirAjustesEnFlash
 .text.resetearConfigFlash
                0x0000000008017968       0x48 ./Core/GP/config_flash.o
                0x0000000008017968                resetearConfigFlash
 .text.iniciarConfigFlash
                0x00000000080179b0       0x58 ./Core/GP/config_flash.o
                0x00000000080179b0                iniciarConfigFlash
 .text.cargarGP
                0x0000000008017a08       0x78 ./Core/GP/gp.o
                0x0000000008017a08                cargarGP
 .text.resetearTodosGP
                0x0000000008017a80       0x5c ./Core/GP/gp.o
                0x0000000008017a80                resetearTodosGP
 .text.resetearGP
                0x0000000008017adc       0x48 ./Core/GP/gp.o
                0x0000000008017adc                resetearGP
 .text.fnResetGP_configADC
                0x0000000008017b24       0x44 ./Core/GP/gp_adc.o
                0x0000000008017b24                fnResetGP_configADC
 .text.fnResetGP_configBaro
                0x0000000008017b68       0x60 ./Core/GP/gp_barometro.o
                0x0000000008017b68                fnResetGP_configBaro
 .text.fnResetGP_configCalIMU
                0x0000000008017bc8       0x90 ./Core/GP/gp_calibrador.o
                0x0000000008017bc8                fnResetGP_configCalIMU
 .text.fnResetGP_configCalMag
                0x0000000008017c58        0x4 ./Core/GP/gp_calibrador.o
                0x0000000008017c58                fnResetGP_configCalMag
 .text.fnResetGP_configGPS
                0x0000000008017c5c       0x3c ./Core/GP/gp_gps.o
                0x0000000008017c5c                fnResetGP_configGPS
 .text.fnResetGP_configI2C
                0x0000000008017c98       0x24 ./Core/GP/gp_i2c.o
                0x0000000008017c98                fnResetGP_configI2C
 .text.fnResetGP_configIMU
                0x0000000008017cbc       0xa8 ./Core/GP/gp_imu.o
                0x0000000008017cbc                fnResetGP_configIMU
 .text.fnResetGP_configMag
                0x0000000008017d64       0x84 ./Core/GP/gp_magnetometro.o
                0x0000000008017d64                fnResetGP_configMag
 .text.fnResetGP_configMixer
                0x0000000008017de8       0x80 ./Core/GP/gp_mixer.o
                0x0000000008017de8                fnResetGP_configMixer
 .text.fnResetGP_configPowerModule
                0x0000000008017e68       0x20 ./Core/GP/gp_power_module.o
                0x0000000008017e68                fnResetGP_configPowerModule
 .text.fnResetGP_configSecuenciaRC
                0x0000000008017e88       0x1c ./Core/GP/gp_rc.o
                0x0000000008017e88                fnResetGP_configSecuenciaRC
 .text.fnResetGP_configCanalRC
                0x0000000008017ea4       0x78 ./Core/GP/gp_rc.o
                0x0000000008017ea4                fnResetGP_configCanalRC
 .text.fnResetGP_configRefRC
                0x0000000008017f1c       0x9c ./Core/GP/gp_rc.o
                0x0000000008017f1c                fnResetGP_configRefRC
 .text.fnResetGP_configSPI
                0x0000000008017fb8       0x3c ./Core/GP/gp_spi.o
                0x0000000008017fb8                fnResetGP_configSPI
 .text.fnResetGP_configUART
                0x0000000008017ff4       0x70 ./Core/GP/gp_uart.o
                0x0000000008017ff4                fnResetGP_configUART
 .text.motores  0x0000000008018064        0x8 ./Core/Motores/motor.o
                0x0000000008018064                motores
 .text.actualizarPWMnoUsado
                0x000000000801806c        0x4 ./Core/Motores/motor.o
                0x000000000801806c                actualizarPWMnoUsado
 .text.escribirPWMnoUsado
                0x0000000008018070        0x4 ./Core/Motores/motor.o
                0x0000000008018070                escribirPWMnoUsado
 .text.actualizarPWMoneshot
                0x0000000008018074      0x290 ./Core/Motores/motor.o
                0x0000000008018074                actualizarPWMoneshot
 .text.escribirPWMestandar
                0x0000000008018304       0x2c ./Core/Motores/motor.o
                0x0000000008018304                escribirPWMestandar
 .text.iniciarMotores
                0x0000000008018330      0x290 ./Core/Motores/motor.o
                0x0000000008018330                iniciarMotores
 .text.habilitarMotores
                0x00000000080185c0       0x28 ./Core/Motores/motor.o
                0x00000000080185c0                habilitarMotores
 .text.escribirMotores
                0x00000000080185e8       0x18 ./Core/Motores/motor.o
                0x00000000080185e8                escribirMotores
 .text.iniciarPID
                0x0000000008018600       0x20 ./Core/PID/pid.o
                0x0000000008018600                iniciarPID
 .text.actualizarPID
                0x0000000008018620       0x68 ./Core/PID/pid.o
                0x0000000008018620                actualizarPID
 .text.resetearIntegralPID
                0x0000000008018688        0x8 ./Core/PID/pid.o
                0x0000000008018688                resetearIntegralPID
 .text.iniciarIBUS
                0x0000000008018690       0x44 ./Core/Radio/ibus.o
                0x0000000008018690                iniciarIBUS
 .text.procesarByteIBUS
                0x00000000080186d4       0xcc ./Core/Radio/ibus.o
                0x00000000080186d4                procesarByteIBUS
 .text.leerIBUS
                0x00000000080187a0      0x200 ./Core/Radio/ibus.o
                0x00000000080187a0                leerIBUS
 .text.overflowCallbackPPM
                0x00000000080189a0       0x20 ./Core/Radio/ppm.o
                0x00000000080189a0                overflowCallbackPPM
 .text.leerPPM  0x00000000080189c0        0x4 ./Core/Radio/ppm.o
                0x00000000080189c0                leerPPM
 .text.edgeCallbackPPM
                0x00000000080189c4      0x124 ./Core/Radio/ppm.o
                0x00000000080189c4                edgeCallbackPPM
 .text.iniciarPPM
                0x0000000008018ae8       0xa8 ./Core/Radio/ppm.o
                0x0000000008018ae8                iniciarPPM
 .text.iniciarRadio
                0x0000000008018b90       0xa0 ./Core/Radio/radio.o
                0x0000000008018b90                iniciarRadio
 .text.leerRadio
                0x0000000008018c30       0xa4 ./Core/Radio/radio.o
                0x0000000008018c30                leerRadio
 .text.anadirRecepcionRadio
                0x0000000008018cd4       0x24 ./Core/Radio/radio.o
                0x0000000008018cd4                anadirRecepcionRadio
 .text.radioOperativa
                0x0000000008018cf8       0x18 ./Core/Radio/radio.o
                0x0000000008018cf8                radioOperativa
 .text.activarFailsafeRadio
                0x0000000008018d10        0xc ./Core/Radio/radio.o
                0x0000000008018d10                activarFailsafeRadio
 .text.canalRadio
                0x0000000008018d1c       0x14 ./Core/Radio/radio.o
                0x0000000008018d1c                canalRadio
 .text.iniciarSBUS
                0x0000000008018d30       0x44 ./Core/Radio/sbus.o
                0x0000000008018d30                iniciarSBUS
 .text.procesarByteSBUS
                0x0000000008018d74       0xc4 ./Core/Radio/sbus.o
                0x0000000008018d74                procesarByteSBUS
 .text.decodificarTramaSBUS.part.0
                0x0000000008018e38       0xcc ./Core/Radio/sbus.o
 .text.leerSBUS
                0x0000000008018f04       0x34 ./Core/Radio/sbus.o
                0x0000000008018f04                leerSBUS
 .text.anadirTareaEnCola
                0x0000000008018f38       0x84 ./Core/Scheduler/scheduler.o
                0x0000000008018f38                anadirTareaEnCola
 .text.quitarTareaDeCola
                0x0000000008018fbc       0x48 ./Core/Scheduler/scheduler.o
                0x0000000008018fbc                quitarTareaDeCola
 .text.iniciarScheduler
                0x0000000008019004       0x2c ./Core/Scheduler/scheduler.o
                0x0000000008019004                iniciarScheduler
 .text.ajustarFrecuenciaEjecucionTarea
                0x0000000008019030       0x34 ./Core/Scheduler/scheduler.o
                0x0000000008019030                ajustarFrecuenciaEjecucionTarea
 *fill*         0x0000000008019064        0x4 
 .text.calcularCargaScheduler
                0x0000000008019068       0xb8 ./Core/Scheduler/scheduler.o
                0x0000000008019068                calcularCargaScheduler
 .text.iniciarTareas
                0x0000000008019120       0xb0 ./Core/Scheduler/tareas.o
                0x0000000008019120                iniciarTareas
 .text.actualizarBaroBosch
                0x00000000080191d0       0xf0 ./Core/Sensores/Barometro/baro_bosch.o
                0x00000000080191d0                actualizarBaroBosch
 .text.leerPromBaroBosch
                0x00000000080192c0      0x164 ./Core/Sensores/Barometro/baro_bosch.o
                0x00000000080192c0                leerPromBaroBosch
 *fill*         0x0000000008019424        0x4 
 .text.iniciarBaroBosch
                0x0000000008019428      0x1ec ./Core/Sensores/Barometro/baro_bosch.o
                0x0000000008019428                iniciarBaroBosch
 .text.calcularBaroBosch
                0x0000000008019614       0xf0 ./Core/Sensores/Barometro/baro_bosch.o
                0x0000000008019614                calcularBaroBosch
 .text.leerBaroBosch
                0x0000000008019704       0x54 ./Core/Sensores/Barometro/baro_bosch.o
                0x0000000008019704                leerBaroBosch
 .text.actualizarBaroTEConectivity
                0x0000000008019758       0xec ./Core/Sensores/Barometro/baro_teConectivity.o
                0x0000000008019758                actualizarBaroTEConectivity
 .text.iniciarBaroTEConectivity
                0x0000000008019844       0xec ./Core/Sensores/Barometro/baro_teConectivity.o
                0x0000000008019844                iniciarBaroTEConectivity
 .text.calcularBaroTEConectivity
                0x0000000008019930       0xf8 ./Core/Sensores/Barometro/baro_teConectivity.o
                0x0000000008019930                calcularBaroTEConectivity
 .text.leerBaroTEConectivity
                0x0000000008019a28       0x64 ./Core/Sensores/Barometro/baro_teConectivity.o
                0x0000000008019a28                leerBaroTEConectivity
 .text.calcularBaroGen
                0x0000000008019a8c      0x2f0 ./Core/Sensores/Barometro/barometro.o
                0x0000000008019a8c                calcularBaroGen
 .text.leerBaro
                0x0000000008019d7c      0x2bc ./Core/Sensores/Barometro/barometro.o
                0x0000000008019d7c                leerBaro
 .text.actualizarBaro
                0x000000000801a038       0x44 ./Core/Sensores/Barometro/barometro.o
                0x000000000801a038                actualizarBaro
 .text.calibrarBaro
                0x000000000801a07c      0x18c ./Core/Sensores/Barometro/barometro.o
                0x000000000801a07c                calibrarBaro
 .text.iniciarBaro
                0x000000000801a208      0x12c ./Core/Sensores/Barometro/barometro.o
                0x000000000801a208                iniciarBaro
 .text.presionBaroOk
                0x000000000801a334       0xa8 ./Core/Sensores/Barometro/barometro.o
                0x000000000801a334                presionBaroOk
 .text.baroGenOperativo
                0x000000000801a3dc        0xc ./Core/Sensores/Barometro/barometro.o
                0x000000000801a3dc                baroGenOperativo
 .text.presionBaro
                0x000000000801a3e8        0xc ./Core/Sensores/Barometro/barometro.o
                0x000000000801a3e8                presionBaro
 .text.presionSueloBaro
                0x000000000801a3f4        0xc ./Core/Sensores/Barometro/barometro.o
                0x000000000801a3f4                presionSueloBaro
 .text.temperaturaSueloBaro
                0x000000000801a400        0xc ./Core/Sensores/Barometro/barometro.o
                0x000000000801a400                temperaturaSueloBaro
 .text.iniciarCalibrador
                0x000000000801a40c       0x44 ./Core/Sensores/Calibrador/calibrador.o
                0x000000000801a40c                iniciarCalibrador
 .text.buscarLadoCalibrador
                0x000000000801a450      0x200 ./Core/Sensores/Calibrador/calibrador.o
                0x000000000801a450                buscarLadoCalibrador
 .text.iniciarCalAcel
                0x000000000801a650       0x68 ./Core/Sensores/Calibrador/calibrador_imu.o
                0x000000000801a650                iniciarCalAcel
 .text.iniciarCalGir
                0x000000000801a6b8       0x58 ./Core/Sensores/Calibrador/calibrador_imu.o
                0x000000000801a6b8                iniciarCalGir
 .text.chequearParametrosCalAcel
                0x000000000801a710      0x10c ./Core/Sensores/Calibrador/calibrador_imu.o
                0x000000000801a710                chequearParametrosCalAcel
 *fill*         0x000000000801a81c        0x4 
 .text.calcularParametrosCalAcel
                0x000000000801a820      0x1f0 ./Core/Sensores/Calibrador/calibrador_imu.o
                0x000000000801a820                calcularParametrosCalAcel
 .text.actualizarCalAcel
                0x000000000801aa10      0x12c ./Core/Sensores/Calibrador/calibrador_imu.o
                0x000000000801aa10                actualizarCalAcel
 .text.actualizarCalGir
                0x000000000801ab3c      0x214 ./Core/Sensores/Calibrador/calibrador_imu.o
                0x000000000801ab3c                actualizarCalGir
 .text.actualizarCalMag
                0x000000000801ad50        0x4 ./Core/Sensores/Calibrador/calibrador_mag.o
                0x000000000801ad50                actualizarCalMag
 .text.iniciarFitnessCalMAg
                0x000000000801ad54      0x150 ./Core/Sensores/Calibrador/calibrador_mag.o
                0x000000000801ad54                iniciarFitnessCalMAg
 .text.filtrarMuestrasCalMag
                0x000000000801aea4      0x164 ./Core/Sensores/Calibrador/calibrador_mag.o
                0x000000000801aea4                filtrarMuestrasCalMag
 .text.ajustarEstadoCalMag
                0x000000000801b008      0x1b8 ./Core/Sensores/Calibrador/calibrador_mag.o
                0x000000000801b008                ajustarEstadoCalMag
 .text.iniciarCalMag
                0x000000000801b1c0       0xcc ./Core/Sensores/Calibrador/calibrador_mag.o
                0x000000000801b1c0                iniciarCalMag
 .text.detectarGPS
                0x000000000801b28c      0x1dc ./Core/Sensores/GPS/gps.o
                0x000000000801b28c                detectarGPS
 .text.iniciarGPS
                0x000000000801b468       0xd0 ./Core/Sensores/GPS/gps.o
                0x000000000801b468                iniciarGPS
 .text.asignarGPSgen
                0x000000000801b538      0x1f0 ./Core/Sensores/GPS/gps.o
                0x000000000801b538                asignarGPSgen
 .text.calcularPesosMezclaGPS
                0x000000000801b728      0x7a0 ./Core/Sensores/GPS/gps.o
                0x000000000801b728                calcularPesosMezclaGPS
 .text.mezclarMedidasGPS
                0x000000000801bec8      0x3cc ./Core/Sensores/GPS/gps.o
                0x000000000801bec8                mezclarMedidasGPS
 .text.leerGPS  0x000000000801c294      0x100 ./Core/Sensores/GPS/gps.o
                0x000000000801c294                leerGPS
 .text.configurarFrecuenciaMensajeGPSublox.part.0
                0x000000000801c394       0xcc ./Core/Sensores/GPS/gps_ublox.o
 .text.enviarMensajeGPSublox.part.0.constprop.2
                0x000000000801c460       0x98 ./Core/Sensores/GPS/gps_ublox.o
 .text.enviarMensajeGPSublox.part.0.constprop.3
                0x000000000801c4f8       0x9c ./Core/Sensores/GPS/gps_ublox.o
 .text.iniciarGPSublox
                0x000000000801c594       0x58 ./Core/Sensores/GPS/gps_ublox.o
                0x000000000801c594                iniciarGPSublox
 .text.detectarGPSublox
                0x000000000801c5ec       0xd8 ./Core/Sensores/GPS/gps_ublox.o
                0x000000000801c5ec                detectarGPSublox
 .text.solcitarSiguienteConfigGPSublox
                0x000000000801c6c4      0x1b0 ./Core/Sensores/GPS/gps_ublox.o
                0x000000000801c6c4                solcitarSiguienteConfigGPSublox
 .text.enviarMensajeGPSublox
                0x000000000801c874       0xf8 ./Core/Sensores/GPS/gps_ublox.o
                0x000000000801c874                enviarMensajeGPSublox
 .text.verificarFrecuenciaMensajeGPSublox
                0x000000000801c96c      0x204 ./Core/Sensores/GPS/gps_ublox.o
                0x000000000801c96c                verificarFrecuenciaMensajeGPSublox
 .text.configurarFrecuenciaNavegacionGPSublox
                0x000000000801cb70       0xe4 ./Core/Sensores/GPS/gps_ublox.o
                0x000000000801cb70                configurarFrecuenciaNavegacionGPSublox
 *fill*         0x000000000801cc54        0x4 
 .text.analizarTramaGPSublox
                0x000000000801cc58      0xa38 ./Core/Sensores/GPS/gps_ublox.o
                0x000000000801cc58                analizarTramaGPSublox
 .text.leerGPSublox
                0x000000000801d690      0x1d4 ./Core/Sensores/GPS/gps_ublox.o
                0x000000000801d690                leerGPSublox
 .text.iniciarDriverIMU
                0x000000000801d864       0x8c ./Core/Sensores/IMU/imu.o
                0x000000000801d864                iniciarDriverIMU
 .text.iniciarIMU
                0x000000000801d8f0       0xfc ./Core/Sensores/IMU/imu.o
                0x000000000801d8f0                iniciarIMU
 .text.numIMUsConectadas
                0x000000000801d9ec        0xc ./Core/Sensores/IMU/imu.o
                0x000000000801d9ec                numIMUsConectadas
 .text.imuGenOperativa
                0x000000000801d9f8        0xc ./Core/Sensores/IMU/imu.o
                0x000000000801d9f8                imuGenOperativa
 .text.giroIMU  0x000000000801da04       0x14 ./Core/Sensores/IMU/imu.o
                0x000000000801da04                giroIMU
 .text.acelIMU  0x000000000801da18       0x14 ./Core/Sensores/IMU/imu.o
                0x000000000801da18                acelIMU
 .text.giroNumIMU
                0x000000000801da2c       0x1c ./Core/Sensores/IMU/imu.o
                0x000000000801da2c                giroNumIMU
 .text.acelNumIMU
                0x000000000801da48       0x1c ./Core/Sensores/IMU/imu.o
                0x000000000801da48                acelNumIMU
 .text.configurarHardwareIMUinvensense
                0x000000000801da64      0x130 ./Core/Sensores/IMU/imu_invensense.o
                0x000000000801da64                configurarHardwareIMUinvensense
 .text.configurarIMUinvensense
                0x000000000801db94      0x1f4 ./Core/Sensores/IMU/imu_invensense.o
                0x000000000801db94                configurarIMUinvensense
 .text.iniciarIMUinvensense
                0x000000000801dd88       0xf4 ./Core/Sensores/IMU/imu_invensense.o
                0x000000000801dd88                iniciarIMUinvensense
 .text.calcularIMUinvensense
                0x000000000801de7c       0xd8 ./Core/Sensores/IMU/imu_invensense.o
                0x000000000801de7c                calcularIMUinvensense
 .text.leerIMUinvensense
                0x000000000801df54       0xac ./Core/Sensores/IMU/imu_invensense.o
                0x000000000801df54                leerIMUinvensense
 .text.iniciarMagHoneywell
                0x000000000801e000       0xbc ./Core/Sensores/Magnetometro/mag_honeywell.o
                0x000000000801e000                iniciarMagHoneywell
 .text.leerMagHoneywell
                0x000000000801e0bc       0xdc ./Core/Sensores/Magnetometro/mag_honeywell.o
                0x000000000801e0bc                leerMagHoneywell
 .text.actualizarMagHoneywell
                0x000000000801e198       0xd4 ./Core/Sensores/Magnetometro/mag_honeywell.o
                0x000000000801e198                actualizarMagHoneywell
 .text.calibrarMagHoneywell
                0x000000000801e26c      0x1e4 ./Core/Sensores/Magnetometro/mag_honeywell.o
                0x000000000801e26c                calibrarMagHoneywell
 .text.calibrarMagIsentek
                0x000000000801e450        0x4 ./Core/Sensores/Magnetometro/mag_isentek.o
                0x000000000801e450                calibrarMagIsentek
 .text.leerMagIsentek
                0x000000000801e454       0xc4 ./Core/Sensores/Magnetometro/mag_isentek.o
                0x000000000801e454                leerMagIsentek
 .text.actualizarMagIsentek
                0x000000000801e518       0xf0 ./Core/Sensores/Magnetometro/mag_isentek.o
                0x000000000801e518                actualizarMagIsentek
 .text.iniciarMagIsentek
                0x000000000801e608       0xf8 ./Core/Sensores/Magnetometro/mag_isentek.o
                0x000000000801e608                iniciarMagIsentek
 .text.iniciarMag
                0x000000000801e700      0x140 ./Core/Sensores/Magnetometro/magnetometro.o
                0x000000000801e700                iniciarMag
 .text.calcularMagGen
                0x000000000801e840      0x240 ./Core/Sensores/Magnetometro/magnetometro.o
                0x000000000801e840                calcularMagGen
 .text.leerMag  0x000000000801ea80      0x1bc ./Core/Sensores/Magnetometro/magnetometro.o
                0x000000000801ea80                leerMag
 .text.actualizarMag
                0x000000000801ec3c       0x44 ./Core/Sensores/Magnetometro/magnetometro.o
                0x000000000801ec3c                actualizarMag
 .text.magOperativo
                0x000000000801ec80       0x14 ./Core/Sensores/Magnetometro/magnetometro.o
                0x000000000801ec80                magOperativo
 .text.campoMagOk
                0x000000000801ec94       0xa0 ./Core/Sensores/Magnetometro/magnetometro.o
                0x000000000801ec94                campoMagOk
 .text.numMagsConectados
                0x000000000801ed34        0xc ./Core/Sensores/Magnetometro/magnetometro.o
                0x000000000801ed34                numMagsConectados
 .text.magGenOperativo
                0x000000000801ed40        0xc ./Core/Sensores/Magnetometro/magnetometro.o
                0x000000000801ed40                magGenOperativo
 .text.campoMag
                0x000000000801ed4c       0x14 ./Core/Sensores/Magnetometro/magnetometro.o
                0x000000000801ed4c                campoMag
 .text.iniciarPowerModule
                0x000000000801ed60      0x10c ./Core/Sensores/PM/power_module.o
                0x000000000801ed60                iniciarPowerModule
 .text.leerPowerModule
                0x000000000801ee6c      0x294 ./Core/Sensores/PM/power_module.o
                0x000000000801ee6c                leerPowerModule
 .text.leerPowerModuleAnalogico
                0x000000000801f100       0xa0 ./Core/Sensores/PM/power_module.o
                0x000000000801f100                leerPowerModuleAnalogico
 .text.actualizarPowerModule
                0x000000000801f1a0      0x178 ./Core/Sensores/PM/power_module.o
                0x000000000801f1a0                actualizarPowerModule
 .text.iniciarSistemaOverclock
                0x000000000801f318       0x8c ./Core/Sistema/system_stm32f7xx.o
                0x000000000801f318                iniciarSistemaOverclock
 *fill*         0x000000000801f3a4        0x4 
 .text.configurarRelojSistema
                0x000000000801f3a8      0x154 ./Core/Sistema/system_stm32f7xx.o
                0x000000000801f3a8                configurarRelojSistema
 .text.SystemInit
                0x000000000801f4fc      0x1a4 ./Core/Sistema/system_stm32f7xx.o
                0x000000000801f4fc                SystemInit
 .text.Reset_Handler
                0x000000000801f6a0       0x7c ./Core/Startup/startup_stm32f767vgtx.o
                0x000000000801f6a0                Reset_Handler
 .text.Default_Handler
                0x000000000801f71c        0x2 ./Core/Startup/startup_stm32f767vgtx.o
                0x000000000801f71c                RTC_Alarm_IRQHandler
                0x000000000801f71c                EXTI2_IRQHandler
                0x000000000801f71c                DebugMon_Handler
                0x000000000801f71c                SPI4_IRQHandler
                0x000000000801f71c                JPEG_IRQHandler
                0x000000000801f71c                CAN3_RX1_IRQHandler
                0x000000000801f71c                PVD_IRQHandler
                0x000000000801f71c                TAMP_STAMP_IRQHandler
                0x000000000801f71c                PendSV_Handler
                0x000000000801f71c                CAN2_RX1_IRQHandler
                0x000000000801f71c                EXTI3_IRQHandler
                0x000000000801f71c                TIM8_TRG_COM_TIM14_IRQHandler
                0x000000000801f71c                DFSDM1_FLT1_IRQHandler
                0x000000000801f71c                I2C3_ER_IRQHandler
                0x000000000801f71c                DFSDM1_FLT2_IRQHandler
                0x000000000801f71c                EXTI0_IRQHandler
                0x000000000801f71c                I2C2_EV_IRQHandler
                0x000000000801f71c                CAN1_RX0_IRQHandler
                0x000000000801f71c                FPU_IRQHandler
                0x000000000801f71c                OTG_HS_WKUP_IRQHandler
                0x000000000801f71c                CAN3_SCE_IRQHandler
                0x000000000801f71c                LTDC_ER_IRQHandler
                0x000000000801f71c                CAN2_SCE_IRQHandler
                0x000000000801f71c                SPI1_IRQHandler
                0x000000000801f71c                TIM6_DAC_IRQHandler
                0x000000000801f71c                DCMI_IRQHandler
                0x000000000801f71c                CAN2_RX0_IRQHandler
                0x000000000801f71c                SAI2_IRQHandler
                0x000000000801f71c                DFSDM1_FLT3_IRQHandler
                0x000000000801f71c                CAN3_RX0_IRQHandler
                0x000000000801f71c                CAN1_RX1_IRQHandler
                0x000000000801f71c                QUADSPI_IRQHandler
                0x000000000801f71c                I2C1_EV_IRQHandler
                0x000000000801f71c                RCC_IRQHandler
                0x000000000801f71c                Default_Handler
                0x000000000801f71c                CEC_IRQHandler
                0x000000000801f71c                EXTI15_10_IRQHandler
                0x000000000801f71c                ADC_IRQHandler
                0x000000000801f71c                SPI5_IRQHandler
                0x000000000801f71c                CAN2_TX_IRQHandler
                0x000000000801f71c                I2C3_EV_IRQHandler
                0x000000000801f71c                EXTI9_5_IRQHandler
                0x000000000801f71c                RTC_WKUP_IRQHandler
                0x000000000801f71c                LTDC_IRQHandler
                0x000000000801f71c                ETH_WKUP_IRQHandler
                0x000000000801f71c                SPDIF_RX_IRQHandler
                0x000000000801f71c                SPI2_IRQHandler
                0x000000000801f71c                OTG_HS_EP1_IN_IRQHandler
                0x000000000801f71c                CAN1_TX_IRQHandler
                0x000000000801f71c                SVC_Handler
                0x000000000801f71c                EXTI4_IRQHandler
                0x000000000801f71c                RNG_IRQHandler
                0x000000000801f71c                ETH_IRQHandler
                0x000000000801f71c                OTG_HS_EP1_OUT_IRQHandler
                0x000000000801f71c                WWDG_IRQHandler
                0x000000000801f71c                SPI6_IRQHandler
                0x000000000801f71c                MDIOS_IRQHandler
                0x000000000801f71c                I2C4_EV_IRQHandler
                0x000000000801f71c                CAN3_TX_IRQHandler
                0x000000000801f71c                OTG_FS_WKUP_IRQHandler
                0x000000000801f71c                OTG_HS_IRQHandler
                0x000000000801f71c                DMA2D_IRQHandler
                0x000000000801f71c                EXTI1_IRQHandler
                0x000000000801f71c                DFSDM1_FLT0_IRQHandler
                0x000000000801f71c                I2C2_ER_IRQHandler
                0x000000000801f71c                CAN1_SCE_IRQHandler
                0x000000000801f71c                FLASH_IRQHandler
                0x000000000801f71c                SPI3_IRQHandler
                0x000000000801f71c                I2C1_ER_IRQHandler
                0x000000000801f71c                FMC_IRQHandler
                0x000000000801f71c                LPTIM1_IRQHandler
                0x000000000801f71c                I2C4_ER_IRQHandler
                0x000000000801f71c                SAI1_IRQHandler
 *fill*         0x000000000801f71e        0x2 
 .text.iniciarVersion
                0x000000000801f720       0x30 ./Core/Version/version.o
                0x000000000801f720                iniciarVersion
 .text.HAL_InitTick
                0x000000000801f750       0x48 ./Drivers/STM32F7xx_HAL_Driver/Src/stm32f7xx_hal.o
                0x000000000801f750                HAL_InitTick
 .text.HAL_IncTick
                0x000000000801f798       0x18 ./Drivers/STM32F7xx_HAL_Driver/Src/stm32f7xx_hal.o
                0x000000000801f798                HAL_IncTick
 .text.HAL_GetTick
                0x000000000801f7b0        0xc ./Drivers/STM32F7xx_HAL_Driver/Src/stm32f7xx_hal.o
                0x000000000801f7b0                HAL_GetTick
 .text.HAL_ADC_MspInit
                0x000000000801f7bc        0x4 ./Drivers/STM32F7xx_HAL_Driver/Src/stm32f7xx_hal_adc.o
                0x000000000801f7bc                HAL_ADC_MspInit
 .text.HAL_ADC_Init
                0x000000000801f7c0      0x160 ./Drivers/STM32F7xx_HAL_Driver/Src/stm32f7xx_hal_adc.o
                0x000000000801f7c0                HAL_ADC_Init
 .text.HAL_ADC_Start_DMA
                0x000000000801f920      0x148 ./Drivers/STM32F7xx_HAL_Driver/Src/stm32f7xx_hal_adc.o
                0x000000000801f920                HAL_ADC_Start_DMA
 .text.HAL_ADC_ConvCpltCallback
                0x000000000801fa68        0x4 ./Drivers/STM32F7xx_HAL_Driver/Src/stm32f7xx_hal_adc.o
                0x000000000801fa68                HAL_ADC_ConvCpltCallback
 .text.HAL_ADC_ConvHalfCpltCallback
                0x000000000801fa6c        0x4 ./Drivers/STM32F7xx_HAL_Driver/Src/stm32f7xx_hal_adc.o
                0x000000000801fa6c                HAL_ADC_ConvHalfCpltCallback
 .text.ADC_DMAHalfConvCplt
                0x000000000801fa70        0xc ./Drivers/STM32F7xx_HAL_Driver/Src/stm32f7xx_hal_adc.o
 .text.HAL_ADC_ErrorCallback
                0x000000000801fa7c        0x4 ./Drivers/STM32F7xx_HAL_Driver/Src/stm32f7xx_hal_adc.o
                0x000000000801fa7c                HAL_ADC_ErrorCallback
 .text.ADC_DMAError
                0x000000000801fa80       0x18 ./Drivers/STM32F7xx_HAL_Driver/Src/stm32f7xx_hal_adc.o
 .text.ADC_DMAConvCplt
                0x000000000801fa98       0x6c ./Drivers/STM32F7xx_HAL_Driver/Src/stm32f7xx_hal_adc.o
 .text.HAL_ADC_ConfigChannel
                0x000000000801fb04      0x160 ./Drivers/STM32F7xx_HAL_Driver/Src/stm32f7xx_hal_adc.o
                0x000000000801fb04                HAL_ADC_ConfigChannel
 .text.HAL_ADCEx_InjectedStart
                0x000000000801fc64       0xd8 ./Drivers/STM32F7xx_HAL_Driver/Src/stm32f7xx_hal_adc_ex.o
                0x000000000801fc64                HAL_ADCEx_InjectedStart
 .text.HAL_ADCEx_InjectedPollForConversion
                0x000000000801fd3c       0x90 ./Drivers/STM32F7xx_HAL_Driver/Src/stm32f7xx_hal_adc_ex.o
                0x000000000801fd3c                HAL_ADCEx_InjectedPollForConversion
 .text.HAL_ADCEx_InjectedGetValue
                0x000000000801fdcc       0x58 ./Drivers/STM32F7xx_HAL_Driver/Src/stm32f7xx_hal_adc_ex.o
                0x000000000801fdcc                HAL_ADCEx_InjectedGetValue
 .text.HAL_ADCEx_InjectedConfigChannel
                0x000000000801fe24      0x1a0 ./Drivers/STM32F7xx_HAL_Driver/Src/stm32f7xx_hal_adc_ex.o
                0x000000000801fe24                HAL_ADCEx_InjectedConfigChannel
 .text.HAL_NVIC_SetPriority
                0x000000000801ffc4       0x7c ./Drivers/STM32F7xx_HAL_Driver/Src/stm32f7xx_hal_cortex.o
                0x000000000801ffc4                HAL_NVIC_SetPriority
 .text.HAL_NVIC_EnableIRQ
                0x0000000008020040       0x1c ./Drivers/STM32F7xx_HAL_Driver/Src/stm32f7xx_hal_cortex.o
                0x0000000008020040                HAL_NVIC_EnableIRQ
 .text.HAL_NVIC_DisableIRQ
                0x000000000802005c       0x28 ./Drivers/STM32F7xx_HAL_Driver/Src/stm32f7xx_hal_cortex.o
                0x000000000802005c                HAL_NVIC_DisableIRQ
 .text.HAL_SYSTICK_Config
                0x0000000008020084       0x2c ./Drivers/STM32F7xx_HAL_Driver/Src/stm32f7xx_hal_cortex.o
                0x0000000008020084                HAL_SYSTICK_Config
 .text.HAL_MPU_Enable
                0x00000000080200b0       0x20 ./Drivers/STM32F7xx_HAL_Driver/Src/stm32f7xx_hal_cortex.o
                0x00000000080200b0                HAL_MPU_Enable
 .text.HAL_MPU_ConfigRegion
                0x00000000080200d0       0x64 ./Drivers/STM32F7xx_HAL_Driver/Src/stm32f7xx_hal_cortex.o
                0x00000000080200d0                HAL_MPU_ConfigRegion
 .text.HAL_DMA_Init
                0x0000000008020134      0x138 ./Drivers/STM32F7xx_HAL_Driver/Src/stm32f7xx_hal_dma.o
                0x0000000008020134                HAL_DMA_Init
 .text.HAL_DMA_Start_IT
                0x000000000802026c       0x90 ./Drivers/STM32F7xx_HAL_Driver/Src/stm32f7xx_hal_dma.o
                0x000000000802026c                HAL_DMA_Start_IT
 .text.HAL_DMA_Abort_IT
                0x00000000080202fc       0x28 ./Drivers/STM32F7xx_HAL_Driver/Src/stm32f7xx_hal_dma.o
                0x00000000080202fc                HAL_DMA_Abort_IT
 .text.FLASH_SetErrorCode
                0x0000000008020324       0x6c ./Drivers/STM32F7xx_HAL_Driver/Src/stm32f7xx_hal_flash.o
 .text.HAL_FLASH_Program
                0x0000000008020390      0x164 ./Drivers/STM32F7xx_HAL_Driver/Src/stm32f7xx_hal_flash.o
                0x0000000008020390                HAL_FLASH_Program
 .text.HAL_FLASH_Unlock
                0x00000000080204f4       0x28 ./Drivers/STM32F7xx_HAL_Driver/Src/stm32f7xx_hal_flash.o
                0x00000000080204f4                HAL_FLASH_Unlock
 .text.HAL_FLASH_Lock
                0x000000000802051c       0x14 ./Drivers/STM32F7xx_HAL_Driver/Src/stm32f7xx_hal_flash.o
                0x000000000802051c                HAL_FLASH_Lock
 .text.FLASH_WaitForLastOperation
                0x0000000008020530       0x60 ./Drivers/STM32F7xx_HAL_Driver/Src/stm32f7xx_hal_flash.o
                0x0000000008020530                FLASH_WaitForLastOperation
 .text.HAL_FLASHEx_Erase
                0x0000000008020590      0x130 ./Drivers/STM32F7xx_HAL_Driver/Src/stm32f7xx_hal_flash_ex.o
                0x0000000008020590                HAL_FLASHEx_Erase
 .text.HAL_GPIO_Init
                0x00000000080206c0      0x26c ./Drivers/STM32F7xx_HAL_Driver/Src/stm32f7xx_hal_gpio.o
                0x00000000080206c0                HAL_GPIO_Init
 .text.HAL_GPIO_ReadPin
                0x000000000802092c        0xc ./Drivers/STM32F7xx_HAL_Driver/Src/stm32f7xx_hal_gpio.o
                0x000000000802092c                HAL_GPIO_ReadPin
 .text.HAL_GPIO_WritePin
                0x0000000008020938        0x8 ./Drivers/STM32F7xx_HAL_Driver/Src/stm32f7xx_hal_gpio.o
                0x0000000008020938                HAL_GPIO_WritePin
 .text.I2C_WaitOnRXNEFlagUntilTimeout
                0x0000000008020940      0x100 ./Drivers/STM32F7xx_HAL_Driver/Src/stm32f7xx_hal_i2c.o
 .text.I2C_WaitOnTXISFlagUntilTimeout
                0x0000000008020a40       0xb8 ./Drivers/STM32F7xx_HAL_Driver/Src/stm32f7xx_hal_i2c.o
 .text.I2C_WaitOnSTOPFlagUntilTimeout
                0x0000000008020af8       0xac ./Drivers/STM32F7xx_HAL_Driver/Src/stm32f7xx_hal_i2c.o
 .text.HAL_I2C_MspInit
                0x0000000008020ba4        0x4 ./Drivers/STM32F7xx_HAL_Driver/Src/stm32f7xx_hal_i2c.o
                0x0000000008020ba4                HAL_I2C_MspInit
 .text.HAL_I2C_Init
                0x0000000008020ba8       0xac ./Drivers/STM32F7xx_HAL_Driver/Src/stm32f7xx_hal_i2c.o
                0x0000000008020ba8                HAL_I2C_Init
 .text.HAL_I2C_MspDeInit
                0x0000000008020c54        0x4 ./Drivers/STM32F7xx_HAL_Driver/Src/stm32f7xx_hal_i2c.o
                0x0000000008020c54                HAL_I2C_MspDeInit
 .text.HAL_I2C_DeInit
                0x0000000008020c58       0x34 ./Drivers/STM32F7xx_HAL_Driver/Src/stm32f7xx_hal_i2c.o
                0x0000000008020c58                HAL_I2C_DeInit
 .text.HAL_I2C_Master_Transmit
                0x0000000008020c8c      0x1a8 ./Drivers/STM32F7xx_HAL_Driver/Src/stm32f7xx_hal_i2c.o
                0x0000000008020c8c                HAL_I2C_Master_Transmit
 .text.HAL_I2C_Master_Receive
                0x0000000008020e34      0x1ac ./Drivers/STM32F7xx_HAL_Driver/Src/stm32f7xx_hal_i2c.o
                0x0000000008020e34                HAL_I2C_Master_Receive
 .text.HAL_I2C_Mem_Write
                0x0000000008020fe0      0x254 ./Drivers/STM32F7xx_HAL_Driver/Src/stm32f7xx_hal_i2c.o
                0x0000000008020fe0                HAL_I2C_Mem_Write
 .text.HAL_I2C_Mem_Read
                0x0000000008021234      0x29c ./Drivers/STM32F7xx_HAL_Driver/Src/stm32f7xx_hal_i2c.o
                0x0000000008021234                HAL_I2C_Mem_Read
 .text.HAL_I2C_GetState
                0x00000000080214d0        0x8 ./Drivers/STM32F7xx_HAL_Driver/Src/stm32f7xx_hal_i2c.o
                0x00000000080214d0                HAL_I2C_GetState
 .text.HAL_I2CEx_ConfigAnalogFilter
                0x00000000080214d8       0x54 ./Drivers/STM32F7xx_HAL_Driver/Src/stm32f7xx_hal_i2c_ex.o
                0x00000000080214d8                HAL_I2CEx_ConfigAnalogFilter
 .text.HAL_PCD_Init
                0x000000000802152c      0x12c ./Drivers/STM32F7xx_HAL_Driver/Src/stm32f7xx_hal_pcd.o
                0x000000000802152c                HAL_PCD_Init
 .text.HAL_PCD_Start
                0x0000000008021658       0x2c ./Drivers/STM32F7xx_HAL_Driver/Src/stm32f7xx_hal_pcd.o
                0x0000000008021658                HAL_PCD_Start
 .text.HAL_PCD_IRQHandler
                0x0000000008021684      0x644 ./Drivers/STM32F7xx_HAL_Driver/Src/stm32f7xx_hal_pcd.o
                0x0000000008021684                HAL_PCD_IRQHandler
 .text.HAL_PCD_SetAddress
                0x0000000008021cc8       0x2c ./Drivers/STM32F7xx_HAL_Driver/Src/stm32f7xx_hal_pcd.o
                0x0000000008021cc8                HAL_PCD_SetAddress
 .text.HAL_PCD_EP_Open
                0x0000000008021cf4       0x7c ./Drivers/STM32F7xx_HAL_Driver/Src/stm32f7xx_hal_pcd.o
                0x0000000008021cf4                HAL_PCD_EP_Open
 .text.HAL_PCD_EP_Close
                0x0000000008021d70       0x6c ./Drivers/STM32F7xx_HAL_Driver/Src/stm32f7xx_hal_pcd.o
                0x0000000008021d70                HAL_PCD_EP_Close
 .text.HAL_PCD_EP_Receive
                0x0000000008021ddc       0x50 ./Drivers/STM32F7xx_HAL_Driver/Src/stm32f7xx_hal_pcd.o
                0x0000000008021ddc                HAL_PCD_EP_Receive
 .text.HAL_PCD_EP_GetRxCount
                0x0000000008021e2c       0x14 ./Drivers/STM32F7xx_HAL_Driver/Src/stm32f7xx_hal_pcd.o
                0x0000000008021e2c                HAL_PCD_EP_GetRxCount
 .text.HAL_PCD_EP_Transmit
                0x0000000008021e40       0x50 ./Drivers/STM32F7xx_HAL_Driver/Src/stm32f7xx_hal_pcd.o
                0x0000000008021e40                HAL_PCD_EP_Transmit
 .text.HAL_PCD_EP_SetStall
                0x0000000008021e90       0x88 ./Drivers/STM32F7xx_HAL_Driver/Src/stm32f7xx_hal_pcd.o
                0x0000000008021e90                HAL_PCD_EP_SetStall
 .text.HAL_PCD_EP_ClrStall
                0x0000000008021f18       0x78 ./Drivers/STM32F7xx_HAL_Driver/Src/stm32f7xx_hal_pcd.o
                0x0000000008021f18                HAL_PCD_EP_ClrStall
 .text.HAL_PCDEx_SetTxFiFo
                0x0000000008021f90       0x54 ./Drivers/STM32F7xx_HAL_Driver/Src/stm32f7xx_hal_pcd_ex.o