../Core/Filtros/filtro_notch.c:67:6:ajustarFiltroNotch	56	static
../Core/Filtros/filtro_notch.c:90:6:actualizarFrecFiltroNotch	56	static
../Core/Filtros/filtro_notch.c:102:6:calcularAQfiltroNotch	32	static
../Core/Filtros/filtro_notch.c:120:6:ajustarFiltroNotchConAQ	40	static
../Core/Filtros/filtro_notch.c:144:6:resetearFiltroNotch	0	static
../Core/Filtros/filtro_notch.c:160:7:actualizarFiltroNotch	0	static
../Core/Filtros/filtro_notch.c:182:6:ajustarFiltroNotchArmonicos	88	static
../Core/Filtros/filtro_notch.c:227:6:resetearFiltroNotchArmonicos	0	static
../Core/Filtros/filtro_notch.c:240:6:actualizarFrecFiltroNotchArmonicos	80	static
../Core/Filtros/filtro_notch.c:268:7:actualizarFiltroNotchArmonicos	8	static
