../Drivers/STM32F7xx_HAL_Driver/Src/stm32f7xx_ll_sdmmc.c:1155:17:SDMMC_GetCmdResp1.part.0	16	static
../Drivers/STM32F7xx_HAL_Driver/Src/stm32f7xx_ll_sdmmc.c:211:19:SDMMC_Init	4	static
../Drivers/STM32F7xx_HAL_Driver/Src/stm32f7xx_ll_sdmmc.c:264:10:SDMMC_ReadFIFO	0	static
../Drivers/STM32F7xx_HAL_Driver/Src/stm32f7xx_ll_sdmmc.c:276:19:SDMMC_WriteFIFO	0	static
../Drivers/STM32F7xx_HAL_Driver/Src/stm32f7xx_ll_sdmmc.c:308:19:SDMMC_PowerState_ON	0	static
../Drivers/STM32F7xx_HAL_Driver/Src/stm32f7xx_ll_sdmmc.c:321:19:SDMMC_PowerState_OFF	0	static
../Drivers/STM32F7xx_HAL_Driver/Src/stm32f7xx_ll_sdmmc.c:338:10:SDMMC_GetPowerState	0	static
../Drivers/STM32F7xx_HAL_Driver/Src/stm32f7xx_ll_sdmmc.c:351:19:SDMMC_SendCommand	8	static
../Drivers/STM32F7xx_HAL_Driver/Src/stm32f7xx_ll_sdmmc.c:381:9:SDMMC_GetCommandResponse	0	static
../Drivers/STM32F7xx_HAL_Driver/Src/stm32f7xx_ll_sdmmc.c:398:10:SDMMC_GetResponse	8	static
../Drivers/STM32F7xx_HAL_Driver/Src/stm32f7xx_ll_sdmmc.c:419:19:SDMMC_ConfigData	8	static
../Drivers/STM32F7xx_HAL_Driver/Src/stm32f7xx_ll_sdmmc.c:454:10:SDMMC_GetDataCounter	0	static
../Drivers/STM32F7xx_HAL_Driver/Src/stm32f7xx_ll_sdmmc.c:464:10:SDMMC_GetFIFOCount	0	static
../Drivers/STM32F7xx_HAL_Driver/Src/stm32f7xx_ll_sdmmc.c:478:19:SDMMC_SetSDMMCReadWaitMode	0	static
../Drivers/STM32F7xx_HAL_Driver/Src/stm32f7xx_ll_sdmmc.c:513:10:SDMMC_CmdBlockLength	8	static
../Drivers/STM32F7xx_HAL_Driver/Src/stm32f7xx_ll_sdmmc.c:537:10:SDMMC_CmdReadSingleBlock	4	static
../Drivers/STM32F7xx_HAL_Driver/Src/stm32f7xx_ll_sdmmc.c:561:10:SDMMC_CmdReadMultiBlock	4	static
../Drivers/STM32F7xx_HAL_Driver/Src/stm32f7xx_ll_sdmmc.c:585:10:SDMMC_CmdWriteSingleBlock	8	static
../Drivers/STM32F7xx_HAL_Driver/Src/stm32f7xx_ll_sdmmc.c:609:10:SDMMC_CmdWriteMultiBlock	4	static
../Drivers/STM32F7xx_HAL_Driver/Src/stm32f7xx_ll_sdmmc.c:633:10:SDMMC_CmdSDEraseStartAdd	8	static
../Drivers/STM32F7xx_HAL_Driver/Src/stm32f7xx_ll_sdmmc.c:657:10:SDMMC_CmdSDEraseEndAdd	4	static
../Drivers/STM32F7xx_HAL_Driver/Src/stm32f7xx_ll_sdmmc.c:681:10:SDMMC_CmdEraseStartAdd	4	static
../Drivers/STM32F7xx_HAL_Driver/Src/stm32f7xx_ll_sdmmc.c:705:10:SDMMC_CmdEraseEndAdd	4	static
../Drivers/STM32F7xx_HAL_Driver/Src/stm32f7xx_ll_sdmmc.c:729:10:SDMMC_CmdErase	4	static
../Drivers/STM32F7xx_HAL_Driver/Src/stm32f7xx_ll_sdmmc.c:753:10:SDMMC_CmdStopTransfer	4	static
../Drivers/STM32F7xx_HAL_Driver/Src/stm32f7xx_ll_sdmmc.c:778:10:SDMMC_CmdSelDesel	4	static
../Drivers/STM32F7xx_HAL_Driver/Src/stm32f7xx_ll_sdmmc.c:802:10:SDMMC_CmdGoIdleState	8	static
../Drivers/STM32F7xx_HAL_Driver/Src/stm32f7xx_ll_sdmmc.c:825:10:SDMMC_CmdOperCond	4	static
../Drivers/STM32F7xx_HAL_Driver/Src/stm32f7xx_ll_sdmmc.c:855:10:SDMMC_CmdAppCommand	4	static
../Drivers/STM32F7xx_HAL_Driver/Src/stm32f7xx_ll_sdmmc.c:882:10:SDMMC_CmdAppOperCommand	4	static
../Drivers/STM32F7xx_HAL_Driver/Src/stm32f7xx_ll_sdmmc.c:905:10:SDMMC_CmdBusWidth	4	static
../Drivers/STM32F7xx_HAL_Driver/Src/stm32f7xx_ll_sdmmc.c:928:10:SDMMC_CmdSendSCR	4	static
../Drivers/STM32F7xx_HAL_Driver/Src/stm32f7xx_ll_sdmmc.c:952:10:SDMMC_CmdSendCID	4	static
../Drivers/STM32F7xx_HAL_Driver/Src/stm32f7xx_ll_sdmmc.c:976:10:SDMMC_CmdSendCSD	0	static
../Drivers/STM32F7xx_HAL_Driver/Src/stm32f7xx_ll_sdmmc.c:1000:10:SDMMC_CmdSetRelAdd	16	static
../Drivers/STM32F7xx_HAL_Driver/Src/stm32f7xx_ll_sdmmc.c:1024:10:SDMMC_CmdSendStatus	4	static
../Drivers/STM32F7xx_HAL_Driver/Src/stm32f7xx_ll_sdmmc.c:1047:10:SDMMC_CmdStatusRegister	4	static
../Drivers/STM32F7xx_HAL_Driver/Src/stm32f7xx_ll_sdmmc.c:1072:10:SDMMC_CmdOpCondition	4	static
../Drivers/STM32F7xx_HAL_Driver/Src/stm32f7xx_ll_sdmmc.c:1096:10:SDMMC_CmdSwitch	4	static
